Component: ARM Compiler 5.06 update 6 (build 750) Tool: armlink [4d35ed]

==============================================================================

Section Cross References

    main.o(i.IntHandler_UART3_) refers to uart.o(i.UARTIntStatus) for UARTIntStatus
    main.o(i.IntHandler_UART3_) refers to uart.o(i.UARTIntClear) for UARTIntClear
    main.o(i.IntHandler_UART3_) refers to uart.o(i.UARTCharGetNonBlocking) for UARTCharGetNonBlocking
    main.o(i.IntHandler_UART3_) refers to uart.o(i.UARTCharsAvail) for UARTCharsAvail
    main.o(i.caculate_point) refers to dflt_clz.o(x$fpl$dflt) for __aeabi_i2d
    main.o(i.caculate_point) refers to ddiv.o(x$fpl$ddiv) for __aeabi_ddiv
    main.o(i.caculate_point) refers to dmul.o(x$fpl$dmul) for __aeabi_dmul
    main.o(i.caculate_point) refers to daddsub_clz.o(x$fpl$drsb) for __aeabi_drsub
    main.o(i.caculate_point) refers to daddsub_clz.o(x$fpl$dadd) for __aeabi_dadd
    main.o(i.caculate_point) refers to main.o(.data) for point_list
    main.o(i.caculate_point) refers to main.o(.bss) for target
    main.o(i.change_angle) refers to main.o(i.change_angle_with_s_a) for change_angle_with_s_a
    main.o(i.change_angle_with_s_a) refers to drleqf.o(x$fpl$drleqf) for __aeabi_cdrcmple
    main.o(i.change_angle_with_s_a) refers to dmul.o(x$fpl$dmul) for __aeabi_dmul
    main.o(i.change_angle_with_s_a) refers to dfix.o(x$fpl$dfix) for __aeabi_d2iz
    main.o(i.change_angle_with_s_a) refers to stepper_motor_usart_controller.o(i.position_set_uart) for position_set_uart
    main.o(i.change_angle_with_s_a) refers to basic.o(x$fpl$basic) for __aeabi_dneg
    main.o(i.changed_pointer_list) refers to dflt_clz.o(x$fpl$dflt) for __aeabi_i2d
    main.o(i.changed_pointer_list) refers to ddiv.o(x$fpl$ddiv) for __aeabi_ddiv
    main.o(i.changed_pointer_list) refers to dmul.o(x$fpl$dmul) for __aeabi_dmul
    main.o(i.changed_pointer_list) refers to daddsub_clz.o(x$fpl$dadd) for __aeabi_dadd
    main.o(i.changed_pointer_list) refers to dfix.o(x$fpl$dfix) for __aeabi_d2iz
    main.o(i.changed_pointer_list) refers to connect.o(.bss) for pointer_list
    main.o(i.changed_pointer_list) refers to main.o(.bss) for pointer_list_changed
    main.o(i.controll_loop) refers to timer.o(i.TimerIntClear) for TimerIntClear
    main.o(i.controll_loop) refers to stepper_motor_usart_controller.o(i.encoder_get) for encoder_get
    main.o(i.controll_loop) refers to main.o(i.green_caculate_now) for green_caculate_now
    main.o(i.controll_loop) refers to zdt_x42_stepper.o(i.speed_set) for speed_set
    main.o(i.controll_loop) refers to daddsub_clz.o(x$fpl$dsub) for __aeabi_dsub
    main.o(i.controll_loop) refers to controller.o(i.pid_update) for pid_update
    main.o(i.controll_loop) refers to basic.o(x$fpl$basic) for __aeabi_dneg
    main.o(i.controll_loop) refers to main.o(.data) for control_count
    main.o(i.controll_loop) refers to stepper_motor_usart_controller.o(.data) for down_encoder
    main.o(i.controll_loop) refers to main.o(.bss) for pid_down
    main.o(i.corrective_shooting_elements) refers to stepper_motor_usart_controller.o(i.encoder_get) for encoder_get
    main.o(i.corrective_shooting_elements) refers to complex_task_support.o(i.delay_ms) for delay_ms
    main.o(i.corrective_shooting_elements) refers to uartstdio.o(i.UARTprintf) for UARTprintf
    main.o(i.corrective_shooting_elements) refers to uart.o(i.UARTCharPutNonBlocking) for UARTCharPutNonBlocking
    main.o(i.corrective_shooting_elements) refers to main.o(i.green_caculate_now) for green_caculate_now
    main.o(i.corrective_shooting_elements) refers to dfix.o(x$fpl$dfix) for __aeabi_d2iz
    main.o(i.corrective_shooting_elements) refers to main.o(i.green_L_caculate) for green_L_caculate
    main.o(i.corrective_shooting_elements) refers to stepper_motor_usart_controller.o(.data) for down_encoder
    main.o(i.corrective_shooting_elements) refers to connect.o(.data) for receive_mode
    main.o(i.corrective_shooting_elements) refers to main.o(.data) for green_yaw_now
    main.o(i.draw) refers to complex_task_support.o(i.delay_ms) for delay_ms
    main.o(i.draw) refers to stepper_motor_usart_controller.o(i.encoder_get) for encoder_get
    main.o(i.draw) refers to main.o(i.green_caculate_now) for green_caculate_now
    main.o(i.draw) refers to main.o(i.green_caculate_target) for green_caculate_target
    main.o(i.draw) refers to daddsub_clz.o(x$fpl$dsub) for __aeabi_dsub
    main.o(i.draw) refers to main.o(i.change_angle) for change_angle
    main.o(i.draw) refers to stepper_motor_usart_controller.o(.data) for down_encoder
    main.o(i.draw) refers to main.o(.data) for green_yaw_now
    main.o(i.green_L_caculate) refers to dflt_clz.o(x$fpl$dflt) for __aeabi_i2d
    main.o(i.green_L_caculate) refers to dmul.o(x$fpl$dmul) for __aeabi_dmul
    main.o(i.green_L_caculate) refers to ddiv.o(x$fpl$ddiv) for __aeabi_ddiv
    main.o(i.green_L_caculate) refers to tan.o(i.__hardfp_tan) for __hardfp_tan
[...]
    .ARM.Collect$$libshutdown$$00000010      0x0000032a   Section        2  libshutdown2.o(.ARM.Collect$$libshutdown$$00000010)
    .ARM.Collect$$rtentry$$00000000          0x0000032c   Section        0  __rtentry.o(.ARM.Collect$$rtentry$$00000000)
    .ARM.Collect$$rtentry$$00000002          0x0000032c   Section        0  __rtentry2.o(.ARM.Collect$$rtentry$$00000002)
    .ARM.Collect$$rtentry$$00000004          0x0000032c   Section        6  __rtentry4.o(.ARM.Collect$$rtentry$$00000004)
    .ARM.Collect$$rtentry$$00000009          0x00000332   Section        0  __rtentry2.o(.ARM.Collect$$rtentry$$00000009)
    .ARM.Collect$$rtentry$$0000000A          0x00000332   Section        4  __rtentry2.o(.ARM.Collect$$rtentry$$0000000A)
    .ARM.Collect$$rtentry$$0000000C          0x00000336   Section        0  __rtentry2.o(.ARM.Collect$$rtentry$$0000000C)
    .ARM.Collect$$rtentry$$0000000D          0x00000336   Section        8  __rtentry2.o(.ARM.Collect$$rtentry$$0000000D)
    .ARM.Collect$$rtexit$$00000000           0x0000033e   Section        2  rtexit.o(.ARM.Collect$$rtexit$$00000000)
    .ARM.Collect$$rtexit$$00000002           0x00000340   Section        0  rtexit2.o(.ARM.Collect$$rtexit$$00000002)
    .ARM.Collect$$rtexit$$00000003           0x00000340   Section        4  rtexit2.o(.ARM.Collect$$rtexit$$00000003)
    .ARM.Collect$$rtexit$$00000004           0x00000344   Section        6  rtexit2.o(.ARM.Collect$$rtexit$$00000004)
    .emb_text                                0x0000034c   Section       38  cpu.o(.emb_text)
    $v0                                      0x0000034c   Number         0  cpu.o(.emb_text)
    .emb_text                                0x00000374   Section        6  sysctl.o(.emb_text)
    $v0                                      0x00000374   Number         0  sysctl.o(.emb_text)
    .text                                    0x0000037c   Section      276  startup_tm4c123.o(.text)
    $v0                                      0x0000037c   Number         0  startup_tm4c123.o(.text)
    .text                                    0x00000490   Section        0  heapauxi.o(.text)
    .text                                    0x00000496   Section        0  _rserrno.o(.text)
    .text                                    0x000004ac   Section        8  rt_errno_addr_intlibspace.o(.text)
    .text                                    0x000004b4   Section        8  libspace.o(.text)
    .text                                    0x000004bc   Section       74  sys_stackheap_outer.o(.text)
    .text                                    0x00000506   Section        0  exit.o(.text)
    .text                                    0x00000518   Section        0  sys_exit.o(.text)
    .text                                    0x00000524   Section        2  use_no_semi.o(.text)
    .text                                    0x00000526   Section        0  indicate_semi.o(.text)
    i.GPIODirModeSet                         0x00000526   Section        0  gpio.o(i.GPIODirModeSet)
    i.GPIOIntClear                           0x00000558   Section        0  gpio.o(i.GPIOIntClear)
    i.GPIOIntEnable                          0x0000055e   Section        0  gpio.o(i.GPIOIntEnable)
    i.GPIOIntRegister                        0x0000056a   Section        0  gpio.o(i.GPIOIntRegister)
    i.GPIOIntStatus                          0x00000588   Section        0  gpio.o(i.GPIOIntStatus)
    i.GPIOIntTypeSet                         0x00000598   Section        0  gpio.o(i.GPIOIntTypeSet)
    i.GPIOPadConfigSet                       0x000005fe   Section        0  gpio.o(i.GPIOPadConfigSet)
    i.GPIOPinConfigure                       0x00000754   Section        0  gpio.o(i.GPIOPinConfigure)
    i.GPIOPinRead                            0x000007a4   Section        0  gpio.o(i.GPIOPinRead)
    i.GPIOPinTypeGPIOOutput                  0x000007b0   Section        0  gpio.o(i.GPIOPinTypeGPIOOutput)
    i.GPIOPinTypeUART                        0x000007ce   Section        0  gpio.o(i.GPIOPinTypeUART)
    i.GPIOPinWrite                           0x000007ec   Section        0  gpio.o(i.GPIOPinWrite)
    i.IntEnable                              0x000007f8   Section        0  interrupt.o(i.IntEnable)
    i.IntHandler_UART1_                      0x0000086c   Section        0  my_stepper.o(i.IntHandler_UART1_)
    IntHandler_UART1_                        0x0000086d   Thumb Code    82  my_stepper.o(i.IntHandler_UART1_)
    i.IntHandler_UART5_                      0x000008c4   Section        0  my_stepper.o(i.IntHandler_UART5_)
    IntHandler_UART5_                        0x000008c5   Thumb Code    82  my_stepper.o(i.IntHandler_UART5_)
    i.IntHandler_UART7_                      0x0000091c   Section        0  connect.o(i.IntHandler_UART7_)
    i.IntMasterEnable                        0x00000980   Section        0  interrupt.o(i.IntMasterEnable)
    i.IntPrioritySet                         0x00000990   Section        0  interrupt.o(i.IntPrioritySet)
    i.IntRegister                            0x000009c4   Section        0  interrupt.o(i.IntRegister)
    i.SysCtlClockGet                         0x00000a00   Section        0  sysctl.o(i.SysCtlClockGet)
    i.SysCtlClockSet                         0x00000b08   Section        0  sysctl.o(i.SysCtlClockSet)
    i.SysCtlPeripheralEnable                 0x00000c44   Section        0  sysctl.o(i.SysCtlPeripheralEnable)
    i.SysCtlPeripheralPresent                0x00000c78   Section        0  sysctl.o(i.SysCtlPeripheralPresent)
    i.SysCtlPeripheralReady                  0x00000cb0   Section        0  sysctl.o(i.SysCtlPeripheralReady)
    i.SystemInit                             0x00000ce8   Section        0  system_tm4c123.o(i.SystemInit)
    i.Timer0BIntHandler                      0x00000d80   Section        0  zdt_x42_stepper.o(i.Timer0BIntHandler)
    i.TimerConfigure                         0x00000dcc   Section        0  timer.o(i.TimerConfigure)
    i.TimerEnable                            0x00000e2c   Section        0  timer.o(i.TimerEnable)
    i.TimerIntClear                          0x00000e3a   Section        0  timer.o(i.TimerIntClear)
    i.TimerIntEnable                         0x00000e3e   Section        0  timer.o(i.TimerIntEnable)
    i.TimerIntRegister                       0x00000e46   Section        0  timer.o(i.TimerIntRegister)
    i.TimerLoadSet                           0x00000e6c   Section        0  timer.o(i.TimerLoadSet)
    i.UARTCharGet                            0x00000e7c   Section        0  uart.o(i.UARTCharGet)
    i.UARTCharGetNonBlocking                 0x00000e8e   Section        0  uart.o(i.UARTCharGetNonBlocking)
    i.UARTCharPut                            0x00000ea2   Section        0  uart.o(i.UARTCharPut)
    i.UARTCharPutNonBlocking                 0x00000eb2   Section        0  uart.o(i.UARTCharPutNonBlocking)
    i.UARTCharsAvail                         0x00000ec6   Section        0  uart.o(i.UARTCharsAvail)
    i.UARTClockSourceSet                     0x00000ed2   Section        0  uart.o(i.UARTClockSourceSet)
    i.UARTConfigSetExpClk                    0x00000ed8   Section        0  uart.o(i.UARTConfigSetExpClk)
    i.UARTDisable                            0x00000f24   Section        0  uart.o(i.UARTDisable)
    i.UARTEnable                             0x00000f44   Section        0  uart.o(i.UARTEnable)
    i.UARTIntClear                           0x00000f58   Section        0  uart.o(i.UARTIntClear)
    i.UARTIntEnable                          0x00000f5c   Section        0  uart.o(i.UARTIntEnable)
    i.UARTIntRegister                        0x00000f64   Section        0  uart.o(i.UARTIntRegister)
    i.UARTIntStatus                          0x00000f82   Section        0  uart.o(i.UARTIntStatus)
    i.UARTStdioConfig                        0x00000f90   Section        0  uartstdio.o(i.UARTStdioConfig)
    i.UART_Transmit_                         0x00000fe0   Section        0  my_stepper.o(i.UART_Transmit_)
    i.UARTprintf                             0x00001024   Section        0  uartstdio.o(i.UARTprintf)
    i.UARTvprintf                            0x00001040   Section        0  uartstdio.o(i.UARTvprintf)
    i.UARTwrite                              0x00001290   Section        0  uartstdio.o(i.UARTwrite)
    i._GPIOIntNumberGet                      0x000012c4   Section        0  gpio.o(i._GPIOIntNumberGet)
    _GPIOIntNumberGet                        0x000012c5   Thumb Code    56  gpio.o(i._GPIOIntNumberGet)
    i._TimerIntNumberGet                     0x00001310   Section        0  timer.o(i._TimerIntNumberGet)
    _TimerIntNumberGet                       0x00001311   Thumb Code    68  timer.o(i._TimerIntNumberGet)
    i._UARTIntNumberGet                      0x00001368   Section        0  uart.o(i._UARTIntNumberGet)
    _UARTIntNumberGet                        0x00001369   Thumb Code    56  uart.o(i._UARTIntNumberGet)
    i.__ARM_fpclassify                       0x000013b4   Section        0  fpclassify.o(i.__ARM_fpclassify)
    i.__hardfp_atan                          0x000013e8   Section        0  atan.o(i.__hardfp_atan)
    i.__hardfp_fabs                          0x000016c0   Section        0  fabs.o(i.__hardfp_fabs)
    i.__hardfp_sqrt                          0x000016d4   Section        0  sqrt.o(i.__hardfp_sqrt)
    i.__hardfp_tan                           0x00001750   Section        0  tan.o(i.__hardfp_tan)
    i.__ieee754_rem_pio2                     0x000017d0   Section        0  rred.o(i.__ieee754_rem_pio2)
    i.__kernel_poly                          0x00001c08   Section        0  poly.o(i.__kernel_poly)
    i.__kernel_tan                           0x00001d00   Section        0  tan_i.o(i.__kernel_tan)
    i.__mathlib_dbl_infnan                   0x00002050   Section        0  dunder.o(i.__mathlib_dbl_infnan)
    i.__mathlib_dbl_invalid                  0x00002068   Section        0  dunder.o(i.__mathlib_dbl_invalid)
    i.__mathlib_dbl_underflow                0x00002088   Section        0  dunder.o(i.__mathlib_dbl_underflow)
    i.connect_uart_init_uart7_PE0_1          0x000020a8   Section        0  connect.o(i.connect_uart_init_uart7_PE0_1)
    i.controll_loop                          0x00002140   Section        0  main.o(i.controll_loop)
    i.corrective_shooting_elements           0x000022e8   Section        0  main.o(i.corrective_shooting_elements)
    i.delay_ms                               0x0000239c   Section        0  complex_task_support.o(i.delay_ms)
    i.enable                                 0x000023b8   Section        0  stepper_motor_usart_controller.o(i.enable)
    i.encoder_caculate_down                  0x00002420   Section        0  stepper_motor_usart_controller.o(i.encoder_caculate_down)
    i.encoder_caculate_up                    0x00002498   Section        0  stepper_motor_usart_controller.o(i.encoder_caculate_up)
    i.encoder_get                            0x000024fc   Section        0  stepper_motor_usart_controller.o(i.encoder_get)
    i.fabs                                   0x00002530   Section        0  fabs.o(i.fabs)
    i.fuction_A                              0x00002548   Section        0  zdt_x42_stepper.o(i.fuction_A)
    i.green_L_caculate                       0x000026a0   Section        0  main.o(i.green_L_caculate)
    i.green_caculate_now                     0x000028c4   Section        0  main.o(i.green_caculate_now)
    i.green_caculate_target                  0x00002978   Section        0  main.o(i.green_caculate_target)
    i.incremental_pid_controller             0x00002ea4   Section        0  controller.o(i.incremental_pid_controller)
    i.init_ZDT_X42_stepper                   0x000030a4   Section        0  zdt_x42_stepper.o(i.init_ZDT_X42_stepper)
    i.init_controll_loop                     0x000031a8   Section        0  main.o(i.init_controll_loop)
    i.keya_interrupt                         0x0000320c   Section        0  main.o(i.keya_interrupt)
    i.keye_interrupt                         0x00003290   Section        0  main.o(i.keye_interrupt)
    i.main                                   0x00003368   Section        0  main.o(i.main)
    i.move                                   0x00003754   Section        0  main.o(i.move)
    i.pid_update                             0x00003a20   Section        0  controller.o(i.pid_update)
    i.positional_pid_controller              0x00003a68   Section        0  controller.o(i.positional_pid_controller)
    i.push_buffer_queue                      0x00003c54   Section        0  connect.o(i.push_buffer_queue)
    i.receive                                0x00003d64   Section        0  connect.o(i.receive)
    i.speed_set                              0x00003db0   Section        0  zdt_x42_stepper.o(i.speed_set)
    i.stepper_init                           0x00003f2c   Section        0  my_stepper.o(i.stepper_init)
    i.uart_init_uart1_PB0_1                  0x00003f48   Section        0  my_stepper.o(i.uart_init_uart1_PB0_1)
    i.uart_init_uart5_PE4_5                  0x00003fdc   Section        0  my_stepper.o(i.uart_init_uart5_PE4_5)
    x$fpl$basic                              0x00004074   Section       24  basic.o(x$fpl$basic)
    $v0                                      0x00004074   Number         0  basic.o(x$fpl$basic)
    x$fpl$dadd                               0x0000408c   Section      336  daddsub_clz.o(x$fpl$dadd)
    $v0                                      0x0000408c   Number         0  daddsub_clz.o(x$fpl$dadd)
    _dadd1                                   0x0000409d   Thumb Code     0  daddsub_clz.o(x$fpl$dadd)
    x$fpl$dcmpinf                            0x000041dc   Section       24  dcmpi.o(x$fpl$dcmpinf)
    $v0                                      0x000041dc   Number         0  dcmpi.o(x$fpl$dcmpinf)
    x$fpl$ddiv                               0x000041f4   Section      688  ddiv.o(x$fpl$ddiv)
    $v0                                      0x000041f4   Number         0  ddiv.o(x$fpl$ddiv)
    ddiv_entry                               0x000041fb   Thumb Code     0  ddiv.o(x$fpl$ddiv)
    x$fpl$dfix                               0x000044a4   Section       94  dfix.o(x$fpl$dfix)
    $v0                                      0x000044a4   Number         0  dfix.o(x$fpl$dfix)
    x$fpl$dfixu                              0x00004504   Section       90  dfixu.o(x$fpl$dfixu)
    $v0                                      0x00004504   Number         0  dfixu.o(x$fpl$dfixu)
    x$fpl$dflt                               0x0000455e   Section       46  dflt_clz.o(x$fpl$dflt)
    $v0                                      0x0000455e   Number         0  dflt_clz.o(x$fpl$dflt)
    x$fpl$dfltu                              0x0000458c   Section       38  dflt_clz.o(x$fpl$dfltu)
    $v0                                      0x0000458c   Number         0  dflt_clz.o(x$fpl$dfltu)
    x$fpl$dleqf                              0x000045b4   Section      120  dleqf.o(x$fpl$dleqf)
    $v0                                      0x000045b4   Number         0  dleqf.o(x$fpl$dleqf)
    x$fpl$dmul                               0x0000462c   Section      340  dmul.o(x$fpl$dmul)
    $v0                                      0x0000462c   Number         0  dmul.o(x$fpl$dmul)
    x$fpl$dnaninf                            0x00004780   Section      156  dnaninf.o(x$fpl$dnaninf)
    $v0                                      0x00004780   Number         0  dnaninf.o(x$fpl$dnaninf)
    x$fpl$dretinf                            0x0000481c   Section       12  dretinf.o(x$fpl$dretinf)
    $v0                                      0x0000481c   Number         0  dretinf.o(x$fpl$dretinf)
    x$fpl$drleqf                             0x00004828   Section      108  drleqf.o(x$fpl$drleqf)
    $v0                                      0x00004828   Number         0  drleqf.o(x$fpl$drleqf)
    x$fpl$drsb                               0x00004894   Section       22  daddsub_clz.o(x$fpl$drsb)
    $v0                                      0x00004894   Number         0  daddsub_clz.o(x$fpl$drsb)
    x$fpl$dsqrt                              0x000048ac   Section      408  dsqrt_umaal.o(x$fpl$dsqrt)
    $v0                                      0x000048ac   Number         0  dsqrt_umaal.o(x$fpl$dsqrt)
    x$fpl$dsub                               0x00004a44   Section      468  daddsub_clz.o(x$fpl$dsub)
    $v0                                      0x00004a44   Number         0  daddsub_clz.o(x$fpl$dsub)
    _dsub1                                   0x00004a55   Thumb Code     0  daddsub_clz.o(x$fpl$dsub)
    x$fpl$fpinit                             0x00004c18   Section       10  fpinit.o(x$fpl$fpinit)
    $v0                                      0x00004c18   Number         0  fpinit.o(x$fpl$fpinit)
    x$fpl$usenofp                            0x00004c22   Section        0  usenofp.o(x$fpl$usenofp)
    .constdata                               0x00004c24   Section      528  gpio.o(.constdata)
    g_ppui32GPIOIntMapBlizzard               0x00004c24   Data         192  gpio.o(.constdata)
    g_ppui32GPIOIntMapSnowflake              0x00004ce4   Data         192  gpio.o(.constdata)
    g_pui32GPIOBaseAddrs                     0x00004da4   Data         144  gpio.o(.constdata)
    .constdata                               0x00004e34   Section      268  interrupt.o(.constdata)
    g_pui32Priority                          0x00004e34   Data          32  interrupt.o(.constdata)
    g_pui32Regs                              0x00004e54   Data         156  interrupt.o(.constdata)
    g_pui32EnRegs                            0x00004ef0   Data          20  interrupt.o(.constdata)
    g_pui32Dii16Regs                         0x00004f04   Data          20  interrupt.o(.constdata)
    g_pui32PendRegs                          0x00004f18   Data          20  interrupt.o(.constdata)
    g_pui32UnpendRegs                        0x00004f2c   Data          20  interrupt.o(.constdata)
    .constdata                               0x00004f40   Section      460  sysctl.o(.constdata)
    g_pui32Xtals                             0x00004f40   Data         108  sysctl.o(.constdata)
    g_pppui32XTALtoVCO                       0x00004fac   Data         288  sysctl.o(.constdata)
    g_sXTALtoMEMTIM                          0x000050cc   Data          56  sysctl.o(.constdata)
    g_pui32VCOFrequencies                    0x00005104   Data           8  sysctl.o(.constdata)
    .constdata                               0x0000510c   Section      160  timer.o(.constdata)
    g_ppui32TimerIntMap                      0x0000510c   Data          96  timer.o(.constdata)
    g_ppui32TimerIntMapSnowflake             0x0000516c   Data          64  timer.o(.constdata)
    .constdata                               0x000051ac   Section      128  uart.o(.constdata)
    g_ppui32UARTIntMap                       0x000051ac   Data          64  uart.o(.constdata)
    g_ppui32UARTIntMapSnowflake              0x000051ec   Data          64  uart.o(.constdata)
    .constdata                               0x0000522c   Section       28  uartstdio.o(.constdata)
    g_pcHex                                  0x0000522c   Data           4  uartstdio.o(.constdata)
    g_ui32UARTBase                           0x00005230   Data          12  uartstdio.o(.constdata)
    g_ui32UARTPeriph                         0x0000523c   Data          12  uartstdio.o(.constdata)
    .constdata                               0x00005248   Section      152  atan.o(.constdata)
    atanhi                                   0x00005248   Data          32  atan.o(.constdata)
    atanlo                                   0x00005268   Data          32  atan.o(.constdata)
    aTodd                                    0x00005288   Data          40  atan.o(.constdata)
    aTeven                                   0x000052b0   Data          48  atan.o(.constdata)
    .constdata                               0x000052e0   Section      200  rred.o(.constdata)
    pio2s                                    0x000052e0   Data          48  rred.o(.constdata)
    twooverpi                                0x00005310   Data         152  rred.o(.constdata)
    .constdata                               0x000053a8   Section       96  tan_i.o(.constdata)
    Todd                                     0x000053a8   Data          48  tan_i.o(.constdata)
    Teven                                    0x000053d8   Data          48  tan_i.o(.constdata)
    .conststring                             0x00005408   Section       17  uartstdio.o(.conststring)
    .data                                    0x20000000   Section      248  main.o(.data)
    .data                                    0x200000f8   Section       48  stepper_motor_usart_controller.o(.data)
    up_p                                     0x20000118   Data           4  stepper_motor_usart_controller.o(.data)
    down_p                                   0x2000011c   Data           4  stepper_motor_usart_controller.o(.data)
    up_p                                     0x20000120   Data           4  stepper_motor_usart_controller.o(.data)
    down_p                                   0x20000124   Data           4  stepper_motor_usart_controller.o(.data)
    .data                                    0x20000128   Section        5  uartstdio.o(.data)
    g_ui32Base                               0x20000128   Data           4  uartstdio.o(.data)
    bLastWasCR                               0x2000012c   Data           1  uartstdio.o(.data)
    .data                                    0x20000130   Section       68  connect.o(.data)
    len                                      0x20000170   Data           4  connect.o(.data)
    .data                                    0x20000174   Section       72  zdt_x42_stepper.o(.data)
    vtable                                   0x20000400   Section      620  interrupt.o(vtable)
    g_pfnRAMVectors                          0x20000400   Data         620  interrupt.o(vtable)
    .bss                                     0x20000670   Section      976  main.o(.bss)
    .bss                                     0x20000a40   Section       52  connect.o(.bss)
    .bss                                     0x20000a74   Section       60  zdt_x42_stepper.o(.bss)
    .bss                                     0x20000ab0   Section       96  libspace.o(.bss)
    HEAP                                     0x20000b10   Section        0  startup_tm4c123.o(HEAP)
    STACK                                    0x20000b10   Section      512  startup_tm4c123.o(STACK)
    Heap_Mem                                 0x20000b10   Data           0  startup_tm4c123.o(HEAP)
    Stack_Mem                                0x20000b10   Data         512  startup_tm4c123.o(STACK)
    __initial_sp                             0x20000d10   Data           0  startup_tm4c123.o(STACK)

    Global Symbols

    Symbol Name                              Value     Ov Type        Size  Object(Section)

    BuildAttributes$$THM_ISAv4$E$P$D$K$B$S$7EM$VFPi3$EXTD16$VFPS$VFMA$PE$A:L22UL41UL21$X:L11$S22US41US21$IEEE1$IW$USESV6$~STKCKD$USESV7$~SHL$OTIME$ROPI$IEEEX$EBA8$UX$STANDARDLIB$REQ8$PRES8$EABIv2 0x00000000   Number         0  anon$$obj.o ABSOLUTE
    __ARM_use_no_argv                        0x00000000   Number         0  main.o ABSOLUTE
    __Vectors                                0x00000000   Data           4  startup_tm4c123.o(RESET)
    __ARM_exceptions_init                     - Undefined Weak Reference
    __alloca_initialize                       - Undefined Weak Reference
    __arm_preinit_                            - Undefined Weak Reference
    __cpp_initialize__aeabi_                  - Undefined Weak Reference
    __cxa_finalize                            - Undefined Weak Reference
    __rt_locale                               - Undefined Weak Reference
    __sigvec_lookup                           - Undefined Weak Reference
    _atexit_init                              - Undefined Weak Reference
    _call_atexit_fns                          - Undefined Weak Reference
    _clock_init                               - Undefined Weak Reference
    _fp_trap_init                             - Undefined Weak Reference
    _fp_trap_shutdown                         - Undefined Weak Reference
    _get_lc_collate                           - Undefined Weak Reference
    _get_lc_ctype                             - Undefined Weak Reference
    _get_lc_monetary                          - Undefined Weak Reference
    _get_lc_numeric                           - Undefined Weak Reference
    _get_lc_time                              - Undefined Weak Reference
    _getenv_init                              - Undefined Weak Reference
    _handle_redirection                       - Undefined Weak Reference
    _init_alloc                               - Undefined Weak Reference
    _init_user_alloc                          - Undefined Weak Reference
    _initio                                   - Undefined Weak Reference
    _rand_init                                - Undefined Weak Reference
    _signal_finish                            - Undefined Weak Reference
    _signal_init                              - Undefined Weak Reference
    _terminate_alloc                          - Undefined Weak Reference
    _terminate_user_alloc                     - Undefined Weak Reference
    _terminateio                              - Undefined Weak Reference
    __Vectors_End                            0x0000026c   Data           0  startup_tm4c123.o(RESET)
    __Vectors_Size                           0x0000026c   Number         0  startup_tm4c123.o ABSOLUTE
    __main                                   0x0000026d   Thumb Code     8  __main.o(!!!main)
    __scatterload                            0x00000275   Thumb Code     0  __scatter.o(!!!scatter)
    __scatterload_rt2                        0x00000275   Thumb Code    44  __scatter.o(!!!scatter)
    __scatterload_rt2_thumb_only             0x00000275   Thumb Code     0  __scatter.o(!!!scatter)
    __scatterload_null                       0x00000283   Thumb Code     0  __scatter.o(!!!scatter)
    __decompress                             0x000002a9   Thumb Code    90  __dczerorl2.o(!!dczerorl2)
    __decompress1                            0x000002a9   Thumb Code     0  __dczerorl2.o(!!dczerorl2)
    __scatterload_zeroinit                   0x00000305   Thumb Code    28  __scatter_zi.o(!!handler_zi)
    __rt_lib_init                            0x00000321   Thumb Code     0  libinit.o(.ARM.Collect$$libinit$$00000000)
    __rt_lib_init_fp_1                       0x00000323   Thumb Code     0  libinit2.o(.ARM.Collect$$libinit$$00000001)
    __rt_lib_init_alloca_1                   0x00000327   Thumb Code     0  libinit2.o(.ARM.Collect$$libinit$$0000002E)
    __rt_lib_init_argv_1                     0x00000327   Thumb Code     0  libinit2.o(.ARM.Collect$$libinit$$0000002C)
    __rt_lib_init_atexit_1                   0x00000327   Thumb Code     0  libinit2.o(.ARM.Collect$$libinit$$0000001B)
    __rt_lib_init_clock_1                    0x00000327   Thumb Code     0  libinit2.o(.ARM.Collect$$libinit$$00000021)
    __rt_lib_init_cpp_1                      0x00000327   Thumb Code     0  libinit2.o(.ARM.Collect$$libinit$$00000032)
    __rt_lib_init_exceptions_1               0x00000327   Thumb Code     0  libinit2.o(.ARM.Collect$$libinit$$00000030)
    __rt_lib_init_fp_trap_1                  0x00000327   Thumb Code     0  libinit2.o(.ARM.Collect$$libinit$$0000001F)
    __rt_lib_init_getenv_1                   0x00000327   Thumb Code     0  libinit2.o(.ARM.Collect$$libinit$$00000023)
    __rt_lib_init_heap_1                     0x00000327   Thumb Code     0  libinit2.o(.ARM.Collect$$libinit$$0000000A)
    __rt_lib_init_lc_collate_1               0x00000327   Thumb Code     0  libinit2.o(.ARM.Collect$$libinit$$00000011)
    __rt_lib_init_lc_ctype_1                 0x00000327   Thumb Code     0  libinit2.o(.ARM.Collect$$libinit$$00000013)
    __rt_lib_init_lc_monetary_1              0x00000327   Thumb Code     0  libinit2.o(.ARM.Collect$$libinit$$00000015)
    __rt_lib_init_lc_numeric_1               0x00000327   Thumb Code     0  libinit2.o(.ARM.Collect$$libinit$$00000017)
    __rt_lib_init_lc_time_1                  0x00000327   Thumb Code     0  libinit2.o(.ARM.Collect$$libinit$$00000019)
    __rt_lib_init_preinit_1                  0x00000327   Thumb Code     0  libinit2.o(.ARM.Collect$$libinit$$00000004)
    __rt_lib_init_rand_1                     0x00000327   Thumb Code     0  libinit2.o(.ARM.Collect$$libinit$$0000000E)
    __rt_lib_init_return                     0x00000327   Thumb Code     0  libinit2.o(.ARM.Collect$$libinit$$00000033)
    __rt_lib_init_signal_1                   0x00000327   Thumb Code     0  libinit2.o(.ARM.Collect$$libinit$$0000001D)
    __rt_lib_init_stdio_1                    0x00000327   Thumb Code     0  libinit2.o(.ARM.Collect$$libinit$$00000025)
    __rt_lib_init_user_alloc_1               0x00000327   Thumb Code     0  libinit2.o(.ARM.Collect$$libinit$$0000000C)
    __rt_lib_shutdown                        0x00000329   Thumb Code     0  libshutdown.o(.ARM.Collect$$libshutdown$$00000000)
    __rt_lib_shutdown_cpp_1                  0x0000032b   Thumb Code     0  libshutdown2.o(.ARM.Collect$$libshutdown$$00000002)
    __rt_lib_shutdown_fp_trap_1              0x0000032b   Thumb Code     0  libshutdown2.o(.ARM.Collect$$libshutdown$$00000007)
    __rt_lib_shutdown_heap_1                 0x0000032b   Thumb Code     0  libshutdown2.o(.ARM.Collect$$libshutdown$$0000000F)
    __rt_lib_shutdown_return                 0x0000032b   Thumb Code     0  libshutdown2.o(.ARM.Collect$$libshutdown$$00000010)
    __rt_lib_shutdown_signal_1               0x0000032b   Thumb Code     0  libshutdown2.o(.ARM.Collect$$libshutdown$$0000000A)
    __rt_lib_shutdown_stdio_1                0x0000032b   Thumb Code     0  libshutdown2.o(.ARM.Collect$$libshutdown$$00000004)
    __rt_lib_shutdown_user_alloc_1           0x0000032b   Thumb Code     0  libshutdown2.o(.ARM.Collect$$libshutdown$$0000000C)
    __rt_entry                               0x0000032d   Thumb Code     0  __rtentry.o(.ARM.Collect$$rtentry$$00000000)
    __rt_entry_presh_1                       0x0000032d   Thumb Code     0  __rtentry2.o(.ARM.Collect$$rtentry$$00000002)
    __rt_entry_sh                            0x0000032d   Thumb Code     0  __rtentry4.o(.ARM.Collect$$rtentry$$00000004)
    __rt_entry_li                            0x00000333   Thumb Code     0  __rtentry2.o(.ARM.Collect$$rtentry$$0000000A)
    __rt_entry_postsh_1                      0x00000333   Thumb Code     0  __rtentry2.o(.ARM.Collect$$rtentry$$00000009)
    __rt_entry_main                          0x00000337   Thumb Code     0  __rtentry2.o(.ARM.Collect$$rtentry$$0000000D)
    __rt_entry_postli_1                      0x00000337   Thumb Code     0  __rtentry2.o(.ARM.Collect$$rtentry$$0000000C)
    __rt_exit                                0x0000033f   Thumb Code     0  rtexit.o(.ARM.Collect$$rtexit$$00000000)
    __rt_exit_ls                             0x00000341   Thumb Code     0  rtexit2.o(.ARM.Collect$$rtexit$$00000003)
    __rt_exit_prels_1                        0x00000341   Thumb Code     0  rtexit2.o(.ARM.Collect$$rtexit$$00000002)
    __rt_exit_exit                           0x00000345   Thumb Code     0  rtexit2.o(.ARM.Collect$$rtexit$$00000004)
    CPUcpsid                                 0x0000034d   Thumb Code     8  cpu.o(.emb_text)
    CPUprimask                               0x00000355   Thumb Code     6  cpu.o(.emb_text)
    CPUcpsie                                 0x0000035b   Thumb Code     8  cpu.o(.emb_text)
    CPUwfi                                   0x00000363   Thumb Code     4  cpu.o(.emb_text)
    CPUbasepriSet                            0x00000367   Thumb Code     6  cpu.o(.emb_text)
    CPUbasepriGet                            0x0000036d   Thumb Code     6  cpu.o(.emb_text)
    SysCtlDelay                              0x00000375   Thumb Code     6  sysctl.o(.emb_text)
    Reset_Handler                            0x0000037d   Thumb Code     8  startup_tm4c123.o(.text)
    NMI_Handler                              0x00000385   Thumb Code     2  startup_tm4c123.o(.text)
    HardFault_Handler                        0x00000387   Thumb Code     2  startup_tm4c123.o(.text)
    MemManage_Handler                        0x00000389   Thumb Code     2  startup_tm4c123.o(.text)
    BusFault_Handler                         0x0000038b   Thumb Code     2  startup_tm4c123.o(.text)
    UsageFault_Handler                       0x0000038d   Thumb Code     2  startup_tm4c123.o(.text)
    SVC_Handler                              0x0000038f   Thumb Code     2  startup_tm4c123.o(.text)
    DebugMon_Handler                         0x00000391   Thumb Code     2  startup_tm4c123.o(.text)
    PendSV_Handler                           0x00000393   Thumb Code     2  startup_tm4c123.o(.text)
    SysTick_Handler                          0x00000395   Thumb Code     2  startup_tm4c123.o(.text)
    GPIOA_Handler                            0x00000397   Thumb Code     2  startup_tm4c123.o(.text)
    GPIOB_Handler                            0x00000399   Thumb Code     2  startup_tm4c123.o(.text)
    GPIOC_Handler                            0x0000039b   Thumb Code     2  startup_tm4c123.o(.text)
    GPIOD_Handler                            0x0000039d   Thumb Code     2  startup_tm4c123.o(.text)
    GPIOE_Handler                            0x0000039f   Thumb Code     2  startup_tm4c123.o(.text)
    UART0_Handler                            0x000003a1   Thumb Code     2  startup_tm4c123.o(.text)
    UART1_Handler                            0x000003a3   Thumb Code     2  startup_tm4c123.o(.text)
    SSI0_Handler                             0x000003a5   Thumb Code     2  startup_tm4c123.o(.text)
    I2C0_Handler                             0x000003a7   Thumb Code     2  startup_tm4c123.o(.text)
    PMW0_FAULT_Handler                       0x000003a9   Thumb Code     2  startup_tm4c123.o(.text)
    PWM0_0_Handler                           0x000003ab   Thumb Code     2  startup_tm4c123.o(.text)
    PWM0_1_Handler                           0x000003ad   Thumb Code     2  startup_tm4c123.o(.text)
    PWM0_2_Handler                           0x000003af   Thumb Code     2  startup_tm4c123.o(.text)
    QEI0_Handler                             0x000003b1   Thumb Code     2  startup_tm4c123.o(.text)
    ADC0SS0_Handler                          0x000003b3   Thumb Code     2  startup_tm4c123.o(.text)
    ADC0SS1_Handler                          0x000003b5   Thumb Code     2  startup_tm4c123.o(.text)
    ADC0SS2_Handler                          0x000003b7   Thumb Code     2  startup_tm4c123.o(.text)
    ADC0SS3_Handler                          0x000003b9   Thumb Code     2  startup_tm4c123.o(.text)
    WDT0_Handler                             0x000003bb   Thumb Code     2  startup_tm4c123.o(.text)
    TIMER0A_Handler                          0x000003bd   Thumb Code     2  startup_tm4c123.o(.text)
    TIMER0B_Handler                          0x000003bf   Thumb Code     2  startup_tm4c123.o(.text)
    TIMER1A_Handler                          0x000003c1   Thumb Code     2  startup_tm4c123.o(.text)
    TIMER1B_Handler                          0x000003c3   Thumb Code     2  startup_tm4c123.o(.text)
    TIMER2A_Handler                          0x000003c5   Thumb Code     2  startup_tm4c123.o(.text)
    TIMER2B_Handler                          0x000003c7   Thumb Code     2  startup_tm4c123.o(.text)
    COMP0_Handler                            0x000003c9   Thumb Code     2  startup_tm4c123.o(.text)
    COMP1_Handler                            0x000003cb   Thumb Code     2  startup_tm4c123.o(.text)
    COMP2_Handler                            0x000003cd   Thumb Code     2  startup_tm4c123.o(.text)
    SYSCTL_Handler                           0x000003cf   Thumb Code     2  startup_tm4c123.o(.text)
    FLASH_Handler                            0x000003d1   Thumb Code     2  startup_tm4c123.o(.text)
    GPIOF_Handler                            0x000003d3   Thumb Code     2  startup_tm4c123.o(.text)
    GPIOG_Handler                            0x000003d5   Thumb Code     2  startup_tm4c123.o(.text)
    GPIOH_Handler                            0x000003d7   Thumb Code     2  startup_tm4c123.o(.text)
    UART2_Handler                            0x000003d9   Thumb Code     2  startup_tm4c123.o(.text)
    SSI1_Handler                             0x000003db   Thumb Code     2  startup_tm4c123.o(.text)
    TIMER3A_Handler                          0x000003dd   Thumb Code     2  startup_tm4c123.o(.text)
    TIMER3B_Handler                          0x000003df   Thumb Code     2  startup_tm4c123.o(.text)
    I2C1_Handler                             0x000003e1   Thumb Code     2  startup_tm4c123.o(.text)
    QEI1_Handler                             0x000003e3   Thumb Code     2  startup_tm4c123.o(.text)
    CAN0_Handler                             0x000003e5   Thumb Code     2  startup_tm4c123.o(.text)
    CAN1_Handler                             0x000003e7   Thumb Code     2  startup_tm4c123.o(.text)
    CAN2_Handler                             0x000003e9   Thumb Code     2  startup_tm4c123.o(.text)
    HIB_Handler                              0x000003eb   Thumb Code     2  startup_tm4c123.o(.text)
    USB0_Handler                             0x000003ed   Thumb Code     2  startup_tm4c123.o(.text)
    PWM0_3_Handler                           0x000003ef   Thumb Code     2  startup_tm4c123.o(.text)
    UDMA_Handler                             0x000003f1   Thumb Code     2  startup_tm4c123.o(.text)
    UDMAERR_Handler                          0x000003f3   Thumb Code     2  startup_tm4c123.o(.text)
    ADC1SS0_Handler                          0x000003f5   Thumb Code     2  startup_tm4c123.o(.text)
    ADC1SS1_Handler                          0x000003f7   Thumb Code     2  startup_tm4c123.o(.text)
    ADC1SS2_Handler                          0x000003f9   Thumb Code     2  startup_tm4c123.o(.text)
    ADC1SS3_Handler                          0x000003fb   Thumb Code     2  startup_tm4c123.o(.text)
    GPIOJ_Handler                            0x000003fd   Thumb Code     2  startup_tm4c123.o(.text)
    GPIOK_Handler                            0x000003ff   Thumb Code     2  startup_tm4c123.o(.text)
    GPIOL_Handler                            0x00000401   Thumb Code     2  startup_tm4c123.o(.text)
    SSI2_Handler                             0x00000403   Thumb Code     2  startup_tm4c123.o(.text)
    SSI3_Handler                             0x00000405   Thumb Code     2  startup_tm4c123.o(.text)
    UART3_Handler                            0x00000407   Thumb Code     2  startup_tm4c123.o(.text)
    UART4_Handler                            0x00000409   Thumb Code     2  startup_tm4c123.o(.text)
    UART5_Handler                            0x0000040b   Thumb Code     2  startup_tm4c123.o(.text)
    UART6_Handler                            0x0000040d   Thumb Code     2  startup_tm4c123.o(.text)
    UART7_Handler                            0x0000040f   Thumb Code     2  startup_tm4c123.o(.text)
    I2C2_Handler                             0x00000411   Thumb Code     2  startup_tm4c123.o(.text)
    I2C3_Handler                             0x00000413   Thumb Code     2  startup_tm4c123.o(.text)
    TIMER4A_Handler                          0x00000415   Thumb Code     2  startup_tm4c123.o(.text)
    TIMER4B_Handler                          0x00000417   Thumb Code     2  startup_tm4c123.o(.text)
    TIMER5A_Handler                          0x00000419   Thumb Code     2  startup_tm4c123.o(.text)
    TIMER5B_Handler                          0x0000041b   Thumb Code     2  startup_tm4c123.o(.text)
    WTIMER0A_Handler                         0x0000041d   Thumb Code     2  startup_tm4c123.o(.text)
    WTIMER0B_Handler                         0x0000041f   Thumb Code     2  startup_tm4c123.o(.text)
    WTIMER1A_Handler                         0x00000421   Thumb Code     2  startup_tm4c123.o(.text)
    WTIMER1B_Handler                         0x00000423   Thumb Code     2  startup_tm4c123.o(.text)
    WTIMER2A_Handler                         0x00000425   Thumb Code     2  startup_tm4c123.o(.text)
    WTIMER2B_Handler                         0x00000427   Thumb Code     2  startup_tm4c123.o(.text)
    WTIMER3A_Handler                         0x00000429   Thumb Code     2  startup_tm4c123.o(.text)
    WTIMER3B_Handler                         0x0000042b   Thumb Code     2  startup_tm4c123.o(.text)
    WTIMER4A_Handler                         0x0000042d   Thumb Code     2  startup_tm4c123.o(.text)
    WTIMER4B_Handler                         0x0000042f   Thumb Code     2  startup_tm4c123.o(.text)
    WTIMER5A_Handler                         0x00000431   Thumb Code     2  startup_tm4c123.o(.text)
    WTIMER5B_Handler                         0x00000433   Thumb Code     2  startup_tm4c123.o(.text)
    FPU_Handler                              0x00000435   Thumb Code     2  startup_tm4c123.o(.text)
    I2C4_Handler                             0x00000437   Thumb Code     2  startup_tm4c123.o(.text)
    I2C5_Handler                             0x00000439   Thumb Code     2  startup_tm4c123.o(.text)
    GPIOM_Handler                            0x0000043b   Thumb Code     2  startup_tm4c123.o(.text)
    GPION_Handler                            0x0000043d   Thumb Code     2  startup_tm4c123.o(.text)
    QEI2_Handler                             0x0000043f   Thumb Code     2  startup_tm4c123.o(.text)
    GPIOP0_Handler                           0x00000441   Thumb Code     2  startup_tm4c123.o(.text)
    GPIOP1_Handler                           0x00000443   Thumb Code     2  startup_tm4c123.o(.text)
    GPIOP2_Handler                           0x00000445   Thumb Code     2  startup_tm4c123.o(.text)
    GPIOP3_Handler                           0x00000447   Thumb Code     2  startup_tm4c123.o(.text)
    GPIOP4_Handler                           0x00000449   Thumb Code     2  startup_tm4c123.o(.text)
    GPIOP5_Handler                           0x0000044b   Thumb Code     2  startup_tm4c123.o(.text)
    GPIOP6_Handler                           0x0000044d   Thumb Code     2  startup_tm4c123.o(.text)
    GPIOP7_Handler                           0x0000044f   Thumb Code     2  startup_tm4c123.o(.text)
    GPIOQ0_Handler                           0x00000451   Thumb Code     2  startup_tm4c123.o(.text)
    GPIOQ1_Handler                           0x00000453   Thumb Code     2  startup_tm4c123.o(.text)
    GPIOQ2_Handler                           0x00000455   Thumb Code     2  startup_tm4c123.o(.text)
    GPIOQ3_Handler                           0x00000457   Thumb Code     2  startup_tm4c123.o(.text)
    GPIOQ4_Handler                           0x00000459   Thumb Code     2  startup_tm4c123.o(.text)
    GPIOQ5_Handler                           0x0000045b   Thumb Code     2  startup_tm4c123.o(.text)
    GPIOQ6_Handler                           0x0000045d   Thumb Code     2  startup_tm4c123.o(.text)
    GPIOQ7_Handler                           0x0000045f   Thumb Code     2  startup_tm4c123.o(.text)
    GPIOR_Handler                            0x00000461   Thumb Code     2  startup_tm4c123.o(.text)
    GPIOS_Handler                            0x00000463   Thumb Code     2  startup_tm4c123.o(.text)
    PMW1_0_Handler                           0x00000465   Thumb Code     2  startup_tm4c123.o(.text)
    PWM1_1_Handler                           0x00000467   Thumb Code     2  startup_tm4c123.o(.text)
    PWM1_2_Handler                           0x00000469   Thumb Code     2  startup_tm4c123.o(.text)
    PWM1_3_Handler                           0x0000046b   Thumb Code     2  startup_tm4c123.o(.text)
    PWM1_FAULT_Handler                       0x0000046d   Thumb Code     2  startup_tm4c123.o(.text)
    __user_initial_stackheap                 0x00000471   Thumb Code     0  startup_tm4c123.o(.text)
    __use_two_region_memory                  0x00000491   Thumb Code     2  heapauxi.o(.text)
    __rt_heap_escrow$2region                 0x00000493   Thumb Code     2  heapauxi.o(.text)
    __rt_heap_expand$2region                 0x00000495   Thumb Code     2  heapauxi.o(.text)
    __read_errno                             0x00000497   Thumb Code    10  _rserrno.o(.text)
    __set_errno                              0x000004a1   Thumb Code    12  _rserrno.o(.text)
    __aeabi_errno_addr                       0x000004ad   Thumb Code     8  rt_errno_addr_intlibspace.o(.text)
    __errno$intlibspace                      0x000004ad   Thumb Code     0  rt_errno_addr_intlibspace.o(.text)
    __rt_errno_addr$intlibspace              0x000004ad   Thumb Code     0  rt_errno_addr_intlibspace.o(.text)
    __user_libspace                          0x000004b5   Thumb Code     8  libspace.o(.text)
    __user_perproc_libspace                  0x000004b5   Thumb Code     0  libspace.o(.text)
    __user_perthread_libspace                0x000004b5   Thumb Code     0  libspace.o(.text)
    __user_setup_stackheap                   0x000004bd   Thumb Code    74  sys_stackheap_outer.o(.text)
    exit                                     0x00000507   Thumb Code    18  exit.o(.text)
    _sys_exit                                0x00000519   Thumb Code     8  sys_exit.o(.text)
    __I$use$semihosting                      0x00000525   Thumb Code     0  use_no_semi.o(.text)
    __use_no_semihosting_swi                 0x00000525   Thumb Code     2  use_no_semi.o(.text)
    GPIODirModeSet                           0x00000527   Thumb Code    50  gpio.o(i.GPIODirModeSet)
    __semihosting_library_function           0x00000527   Thumb Code     0  indicate_semi.o(.text)
    GPIOIntClear                             0x00000559   Thumb Code     6  gpio.o(i.GPIOIntClear)
    GPIOIntEnable                            0x0000055f   Thumb Code    12  gpio.o(i.GPIOIntEnable)
    GPIOIntRegister                          0x0000056b   Thumb Code    30  gpio.o(i.GPIOIntRegister)
    GPIOIntStatus                            0x00000589   Thumb Code    16  gpio.o(i.GPIOIntStatus)
    GPIOIntTypeSet                           0x00000599   Thumb Code   102  gpio.o(i.GPIOIntTypeSet)
    GPIOPadConfigSet                         0x000005ff   Thumb Code   342  gpio.o(i.GPIOPadConfigSet)
    GPIOPinConfigure                         0x00000755   Thumb Code    70  gpio.o(i.GPIOPinConfigure)
    GPIOPinRead                              0x000007a5   Thumb Code    12  gpio.o(i.GPIOPinRead)
    GPIOPinTypeGPIOOutput                    0x000007b1   Thumb Code    30  gpio.o(i.GPIOPinTypeGPIOOutput)
    GPIOPinTypeUART                          0x000007cf   Thumb Code    30  gpio.o(i.GPIOPinTypeUART)
    GPIOPinWrite                             0x000007ed   Thumb Code    10  gpio.o(i.GPIOPinWrite)
    IntEnable                                0x000007f9   Thumb Code   108  interrupt.o(i.IntEnable)
    IntHandler_UART7_                        0x0000091d   Thumb Code    90  connect.o(i.IntHandler_UART7_)
    IntMasterEnable                          0x00000981   Thumb Code    16  interrupt.o(i.IntMasterEnable)
    IntPrioritySet                           0x00000991   Thumb Code    46  interrupt.o(i.IntPrioritySet)
    IntRegister                              0x000009c5   Thumb Code    52  interrupt.o(i.IntRegister)
    SysCtlClockGet                           0x00000a01   Thumb Code   244  sysctl.o(i.SysCtlClockGet)
    SysCtlClockSet                           0x00000b09   Thumb Code   300  sysctl.o(i.SysCtlClockSet)
    SysCtlPeripheralEnable                   0x00000c45   Thumb Code    46  sysctl.o(i.SysCtlPeripheralEnable)
    SysCtlPeripheralPresent                  0x00000c79   Thumb Code    52  sysctl.o(i.SysCtlPeripheralPresent)
    SysCtlPeripheralReady                    0x00000cb1   Thumb Code    52  sysctl.o(i.SysCtlPeripheralReady)
    SystemInit                               0x00000ce9   Thumb Code   112  system_tm4c123.o(i.SystemInit)
    Timer0BIntHandler                        0x00000d81   Thumb Code    62  zdt_x42_stepper.o(i.Timer0BIntHandler)
    TimerConfigure                           0x00000dcd   Thumb Code    84  timer.o(i.TimerConfigure)
    TimerEnable                              0x00000e2d   Thumb Code    14  timer.o(i.TimerEnable)
    TimerIntClear                            0x00000e3b   Thumb Code     4  timer.o(i.TimerIntClear)
    TimerIntEnable                           0x00000e3f   Thumb Code     8  timer.o(i.TimerIntEnable)
    TimerIntRegister                         0x00000e47   Thumb Code    38  timer.o(i.TimerIntRegister)
    TimerLoadSet                             0x00000e6d   Thumb Code    16  timer.o(i.TimerLoadSet)
    UARTCharGet                              0x00000e7d   Thumb Code    18  uart.o(i.UARTCharGet)
    UARTCharGetNonBlocking                   0x00000e8f   Thumb Code    20  uart.o(i.UARTCharGetNonBlocking)
    UARTCharPut                              0x00000ea3   Thumb Code    16  uart.o(i.UARTCharPut)
    UARTCharPutNonBlocking                   0x00000eb3   Thumb Code    20  uart.o(i.UARTCharPutNonBlocking)
    UARTCharsAvail                           0x00000ec7   Thumb Code    12  uart.o(i.UARTCharsAvail)
    UARTClockSourceSet                       0x00000ed3   Thumb Code     6  uart.o(i.UARTClockSourceSet)
    UARTConfigSetExpClk                      0x00000ed9   Thumb Code    76  uart.o(i.UARTConfigSetExpClk)
    UARTDisable                              0x00000f25   Thumb Code    32  uart.o(i.UARTDisable)
    UARTEnable                               0x00000f45   Thumb Code    20  uart.o(i.UARTEnable)
    UARTIntClear                             0x00000f59   Thumb Code     4  uart.o(i.UARTIntClear)
    UARTIntEnable                            0x00000f5d   Thumb Code     8  uart.o(i.UARTIntEnable)
    UARTIntRegister                          0x00000f65   Thumb Code    30  uart.o(i.UARTIntRegister)
    UARTIntStatus                            0x00000f83   Thumb Code    12  uart.o(i.UARTIntStatus)
    UARTStdioConfig                          0x00000f91   Thumb Code    68  uartstdio.o(i.UARTStdioConfig)
    UART_Transmit_                           0x00000fe1   Thumb Code    58  my_stepper.o(i.UART_Transmit_)
    UARTprintf                               0x00001025   Thumb Code    26  uartstdio.o(i.UARTprintf)
    UARTvprintf                              0x00001041   Thumb Code   574  uartstdio.o(i.UARTvprintf)
    UARTwrite                                0x00001291   Thumb Code    46  uartstdio.o(i.UARTwrite)
    __ARM_fpclassify                         0x000013b5   Thumb Code    48  fpclassify.o(i.__ARM_fpclassify)
    __hardfp_atan                            0x000013e9   Thumb Code   622  atan.o(i.__hardfp_atan)
    __hardfp_fabs                            0x000016c1   Thumb Code    20  fabs.o(i.__hardfp_fabs)
    __hardfp_sqrt                            0x000016d5   Thumb Code   122  sqrt.o(i.__hardfp_sqrt)
    __hardfp_tan                             0x00001751   Thumb Code   108  tan.o(i.__hardfp_tan)
    __ieee754_rem_pio2                       0x000017d1   Thumb Code   938  rred.o(i.__ieee754_rem_pio2)
    __kernel_poly                            0x00001c09   Thumb Code   248  poly.o(i.__kernel_poly)
    __kernel_tan                             0x00001d01   Thumb Code   764  tan_i.o(i.__kernel_tan)
    __mathlib_dbl_infnan                     0x00002051   Thumb Code    20  dunder.o(i.__mathlib_dbl_infnan)
    __mathlib_dbl_invalid                    0x00002069   Thumb Code    24  dunder.o(i.__mathlib_dbl_invalid)
    __mathlib_dbl_underflow                  0x00002089   Thumb Code    24  dunder.o(i.__mathlib_dbl_underflow)
    connect_uart_init_uart7_PE0_1            0x000020a9   Thumb Code   122  connect.o(i.connect_uart_init_uart7_PE0_1)
    controll_loop                            0x00002141   Thumb Code   372  main.o(i.controll_loop)
    corrective_shooting_elements             0x000022e9   Thumb Code   120  main.o(i.corrective_shooting_elements)
    delay_ms                                 0x0000239d   Thumb Code    28  complex_task_support.o(i.delay_ms)
    enable                                   0x000023b9   Thumb Code    92  stepper_motor_usart_controller.o(i.enable)
    encoder_caculate_down                    0x00002421   Thumb Code   104  stepper_motor_usart_controller.o(i.encoder_caculate_down)
    encoder_caculate_up                      0x00002499   Thumb Code    86  stepper_motor_usart_controller.o(i.encoder_caculate_up)
    encoder_get                              0x000024fd   Thumb Code    44  stepper_motor_usart_controller.o(i.encoder_get)
    fabs                                     0x00002531   Thumb Code    24  fabs.o(i.fabs)
    fuction_A                                0x00002549   Thumb Code   288  zdt_x42_stepper.o(i.fuction_A)
    green_L_caculate                         0x000026a1   Thumb Code   462  main.o(i.green_L_caculate)
    green_caculate_now                       0x000028c5   Thumb Code   140  main.o(i.green_caculate_now)
    green_caculate_target                    0x00002979   Thumb Code  1316  main.o(i.green_caculate_target)
    incremental_pid_controller               0x00002ea5   Thumb Code   510  controller.o(i.incremental_pid_controller)
    init_ZDT_X42_stepper                     0x000030a5   Thumb Code   220  zdt_x42_stepper.o(i.init_ZDT_X42_stepper)
    init_controll_loop                       0x000031a9   Thumb Code    84  main.o(i.init_controll_loop)
    keya_interrupt                           0x0000320d   Thumb Code   110  main.o(i.keya_interrupt)
    keye_interrupt                           0x00003291   Thumb Code   160  main.o(i.keye_interrupt)
    main                                     0x00003369   Thumb Code   860  main.o(i.main)
    move                                     0x00003755   Thumb Code   686  main.o(i.move)
    pid_update                               0x00003a21   Thumb Code    70  controller.o(i.pid_update)
    positional_pid_controller                0x00003a69   Thumb Code   468  controller.o(i.positional_pid_controller)
    push_buffer_queue                        0x00003c55   Thumb Code   236  connect.o(i.push_buffer_queue)
    receive                                  0x00003d65   Thumb Code    62  connect.o(i.receive)
    speed_set                                0x00003db1   Thumb Code   324  zdt_x42_stepper.o(i.speed_set)
    stepper_init                             0x00003f2d   Thumb Code    18  my_stepper.o(i.stepper_init)
    uart_init_uart1_PB0_1                    0x00003f49   Thumb Code   124  my_stepper.o(i.uart_init_uart1_PB0_1)
    uart_init_uart5_PE4_5                    0x00003fdd   Thumb Code   122  my_stepper.o(i.uart_init_uart5_PE4_5)
    __aeabi_dneg                             0x00004075   Thumb Code     0  basic.o(x$fpl$basic)
    _dneg                                    0x00004075   Thumb Code     6  basic.o(x$fpl$basic)
    __aeabi_fneg                             0x0000407b   Thumb Code     0  basic.o(x$fpl$basic)
    _fneg                                    0x0000407b   Thumb Code     6  basic.o(x$fpl$basic)
    _dabs                                    0x00004081   Thumb Code     6  basic.o(x$fpl$basic)
    _fabs                                    0x00004087   Thumb Code     6  basic.o(x$fpl$basic)
    __aeabi_dadd                             0x0000408d   Thumb Code     0  daddsub_clz.o(x$fpl$dadd)
    _dadd                                    0x0000408d   Thumb Code   332  daddsub_clz.o(x$fpl$dadd)
    __fpl_dcmp_Inf                           0x000041dd   Thumb Code    24  dcmpi.o(x$fpl$dcmpinf)
    __aeabi_ddiv                             0x000041f5   Thumb Code     0  ddiv.o(x$fpl$ddiv)
    _ddiv                                    0x000041f5   Thumb Code   552  ddiv.o(x$fpl$ddiv)
    __aeabi_d2iz                             0x000044a5   Thumb Code     0  dfix.o(x$fpl$dfix)
    _dfix                                    0x000044a5   Thumb Code    94  dfix.o(x$fpl$dfix)
    __aeabi_d2uiz                            0x00004505   Thumb Code     0  dfixu.o(x$fpl$dfixu)
    _dfixu                                   0x00004505   Thumb Code    90  dfixu.o(x$fpl$dfixu)
    __aeabi_i2d                              0x0000455f   Thumb Code     0  dflt_clz.o(x$fpl$dflt)
    _dflt                                    0x0000455f   Thumb Code    46  dflt_clz.o(x$fpl$dflt)
    __aeabi_ui2d                             0x0000458d   Thumb Code     0  dflt_clz.o(x$fpl$dfltu)
    _dfltu                                   0x0000458d   Thumb Code    38  dflt_clz.o(x$fpl$dfltu)
    __aeabi_cdcmple                          0x000045b5   Thumb Code     0  dleqf.o(x$fpl$dleqf)
    _dcmple                                  0x000045b5   Thumb Code   120  dleqf.o(x$fpl$dleqf)
    __fpl_dcmple_InfNaN                      0x00004617   Thumb Code     0  dleqf.o(x$fpl$dleqf)
    __aeabi_dmul                             0x0000462d   Thumb Code     0  dmul.o(x$fpl$dmul)
    _dmul                                    0x0000462d   Thumb Code   332  dmul.o(x$fpl$dmul)
    __fpl_dnaninf                            0x00004781   Thumb Code   156  dnaninf.o(x$fpl$dnaninf)
    __fpl_dretinf                            0x0000481d   Thumb Code    12  dretinf.o(x$fpl$dretinf)
    __aeabi_cdrcmple                         0x00004829   Thumb Code     0  drleqf.o(x$fpl$drleqf)
    _drcmple                                 0x00004829   Thumb Code   108  drleqf.o(x$fpl$drleqf)
    __aeabi_drsub                            0x00004895   Thumb Code     0  daddsub_clz.o(x$fpl$drsb)
    _drsb                                    0x00004895   Thumb Code    22  daddsub_clz.o(x$fpl$drsb)
    _dsqrt                                   0x000048ad   Thumb Code   404  dsqrt_umaal.o(x$fpl$dsqrt)
    __aeabi_dsub                             0x00004a45   Thumb Code     0  daddsub_clz.o(x$fpl$dsub)
    _dsub                                    0x00004a45   Thumb Code   464  daddsub_clz.o(x$fpl$dsub)
    _fp_init                                 0x00004c19   Thumb Code    10  fpinit.o(x$fpl$fpinit)
    __fplib_config_fpu_vfp                   0x00004c21   Thumb Code     0  fpinit.o(x$fpl$fpinit)
    __fplib_config_pureend_doubles           0x00004c21   Thumb Code     0  fpinit.o(x$fpl$fpinit)
    __I$use$fp                               0x00004c22   Number         0  usenofp.o(x$fpl$usenofp)
    Region$$Table$$Base                      0x0000541c   Number         0  anon$$obj.o(Region$$Table)
    Region$$Table$$Limit                     0x0000543c   Number         0  anon$$obj.o(Region$$Table)
    encoder_right                            0x20000000   Data           4  main.o(.data)
    encoder_left                             0x20000004   Data           4  main.o(.data)
    yaw_target                               0x20000008   Data           8  main.o(.data)
    pitch_target                             0x20000010   Data           8  main.o(.data)
    point_list                               0x20000018   Data         144  main.o(.data)
    mode                                     0x200000a8   Data           4  main.o(.data)
    green_pitch_targrt                       0x200000b0   Data           8  main.o(.data)
    green_yaw_target                         0x200000b8   Data           8  main.o(.data)
    green_pitch_now                          0x200000c0   Data           8  main.o(.data)
    green_yaw_now                            0x200000c8   Data           8  main.o(.data)
    left_or_right                            0x200000d0   Data           4  main.o(.data)
    L                                        0x200000d8   Data           8  main.o(.data)
    h                                        0x200000e0   Data           8  main.o(.data)
    yaw_down_encoder_zero                    0x200000e8   Data           4  main.o(.data)
    pitch_up_encoder_zero                    0x200000ec   Data           4  main.o(.data)
    close_motor_flag                         0x200000f0   Data           4  main.o(.data)
    control_count                            0x200000f4   Data           4  main.o(.data)
    STEPPER_MOTOR_UART_Transmit              0x200000f8   Data           4  stepper_motor_usart_controller.o(.data)
    up_encoder                               0x200000fc   Data           4  stepper_motor_usart_controller.o(.data)
    down_encoder                             0x20000100   Data           4  stepper_motor_usart_controller.o(.data)
    a                                        0x20000108   Data           8  stepper_motor_usart_controller.o(.data)
    b                                        0x20000110   Data           8  stepper_motor_usart_controller.o(.data)
    buffer                                   0x20000130   Data           1  connect.o(.data)
    isRed                                    0x20000134   Data           4  connect.o(.data)
    mid_1                                    0x20000138   Data           4  connect.o(.data)
    mid_2                                    0x2000013c   Data           4  connect.o(.data)
    mid_1_                                   0x20000140   Data           4  connect.o(.data)
    mid_2_                                   0x20000144   Data           4  connect.o(.data)
    width                                    0x20000148   Data           4  connect.o(.data)
    list_len                                 0x2000014c   Data           4  connect.o(.data)
    red_x                                    0x20000150   Data           4  connect.o(.data)
    red_y                                    0x20000154   Data           4  connect.o(.data)
    green_x                                  0x20000158   Data           4  connect.o(.data)
    green_y                                  0x2000015c   Data           4  connect.o(.data)
    last_red_x                               0x20000160   Data           4  connect.o(.data)
    last_red_y                               0x20000164   Data           4  connect.o(.data)
    start_flag                               0x20000168   Data           4  connect.o(.data)
    receive_mode                             0x2000016c   Data           4  connect.o(.data)
    up_position                              0x20000174   Data           4  zdt_x42_stepper.o(.data)
    down_position                            0x20000178   Data           4  zdt_x42_stepper.o(.data)
    target_uart                              0x2000017c   Data           4  zdt_x42_stepper.o(.data)
    up_pwm_count                             0x20000180   Data           4  zdt_x42_stepper.o(.data)
    down_pwm_count                           0x20000184   Data           4  zdt_x42_stepper.o(.data)
    test_flag                                0x20000188   Data           4  zdt_x42_stepper.o(.data)
    period_up                                0x2000018c   Data           4  zdt_x42_stepper.o(.data)
    period_down                              0x20000190   Data           4  zdt_x42_stepper.o(.data)
    up_count                                 0x20000194   Data           4  zdt_x42_stepper.o(.data)
    down_count                               0x20000198   Data           4  zdt_x42_stepper.o(.data)
    up_flag                                  0x2000019c   Data           4  zdt_x42_stepper.o(.data)
    down_flag                                0x200001a0   Data           4  zdt_x42_stepper.o(.data)
    up_dir                                   0x200001a4   Data           4  zdt_x42_stepper.o(.data)
    down_dir                                 0x200001a8   Data           4  zdt_x42_stepper.o(.data)
    up_pos                                   0x200001ac   Data           4  zdt_x42_stepper.o(.data)
    down_pos                                 0x200001b0   Data           4  zdt_x42_stepper.o(.data)
    up_stop                                  0x200001b4   Data           4  zdt_x42_stepper.o(.data)
    down_stop                                0x200001b8   Data           4  zdt_x42_stepper.o(.data)
    yuntai                                   0x20000670   Data          24  main.o(.bss)
    target                                   0x20000688   Data          16  main.o(.bss)
    pointer_list_changed                     0x20000698   Data         296  main.o(.bss)
    pid                                      0x200007c0   Data         128  main.o(.bss)
    pid_direct                               0x20000840   Data         128  main.o(.bss)
    pid_turn                                 0x200008c0   Data         128  main.o(.bss)
    pid_down                                 0x20000940   Data         128  main.o(.bss)
    pid_up                                   0x200009c0   Data         128  main.o(.bss)
    buffer_queue                             0x20000a40   Data          20  connect.o(.bss)
    pointer_list                             0x20000a54   Data          32  connect.o(.bss)
    up_buffer_queue                          0x20000a74   Data          30  zdt_x42_stepper.o(.bss)
    down_buffer_queue                        0x20000a92   Data          30  zdt_x42_stepper.o(.bss)
    __libspace_start                         0x20000ab0   Data          96  libspace.o(.bss)
    __temporary_stack_top$libspace           0x20000b10   Data           0  libspace.o(.bss)



==============================================================================

Memory Map of the image

  Image Entry point : 0x0000026d

  Load Region LR_IROM1 (Base: 0x00000000, Size: 0x00005aa8, Max: 0x00040000, ABSOLUTE, COMPRESSED[0x000054b4])

    Execution Region ER_IROM1 (Exec base: 0x00000000, Load base: 0x00000000, Size: 0x0000543c, Max: 0x00040000, ABSOLUTE)

    Exec Addr    Load Addr    Size         Type   Attr      Idx    E Section Name        Object

    0x00000000   0x00000000   0x0000026c   Data   RO         6455    RESET               startup_tm4c123.o
    0x0000026c   0x0000026c   0x00000008   Code   RO         6527  * !!!main             c_w.l(__main.o)
    0x00000274   0x00000274   0x00000034   Code   RO         6823    !!!scatter          c_w.l(__scatter.o)
    0x000002a8   0x000002a8   0x0000005a   Code   RO         6821    !!dczerorl2         c_w.l(__dczerorl2.o)
    0x00000302   0x00000302   0x00000002   PAD
    0x00000304   0x00000304   0x0000001c   Code   RO         6825    !!handler_zi        c_w.l(__scatter_zi.o)
    0x00000320   0x00000320   0x00000002   Code   RO         6694    .ARM.Collect$$libinit$$00000000  c_w.l(libinit.o)
    0x00000322   0x00000322   0x00000004   Code   RO         6697    .ARM.Collect$$libinit$$00000001  c_w.l(libinit2.o)
    0x00000326   0x00000326   0x00000000   Code   RO         6700    .ARM.Collect$$libinit$$00000004  c_w.l(libinit2.o)
    0x00000326   0x00000326   0x00000000   Code   RO         6703    .ARM.Collect$$libinit$$0000000A  c_w.l(libinit2.o)
    0x00000326   0x00000326   0x00000000   Code   RO         6705    .ARM.Collect$$libinit$$0000000C  c_w.l(libinit2.o)
    0x00000326   0x00000326   0x00000000   Code   RO         6707    .ARM.Collect$$libinit$$0000000E  c_w.l(libinit2.o)
    0x00000326   0x00000326   0x00000000   Code   RO         6710    .ARM.Collect$$libinit$$00000011  c_w.l(libinit2.o)
    0x00000326   0x00000326   0x00000000   Code   RO         6712    .ARM.Collect$$libinit$$00000013  c_w.l(libinit2.o)
    0x00000326   0x00000326   0x00000000   Code   RO         6714    .ARM.Collect$$libinit$$00000015  c_w.l(libinit2.o)
    0x00000326   0x00000326   0x00000000   Code   RO         6716    .ARM.Collect$$libinit$$00000017  c_w.l(libinit2.o)
    0x00000326   0x00000326   0x00000000   Code   RO         6718    .ARM.Collect$$libinit$$00000019  c_w.l(libinit2.o)
    0x00000326   0x00000326   0x00000000   Code   RO         6720    .ARM.Collect$$libinit$$0000001B  c_w.l(libinit2.o)
    0x00000326   0x00000326   0x00000000   Code   RO         6722    .ARM.Collect$$libinit$$0000001D  c_w.l(libinit2.o)
    0x00000326   0x00000326   0x00000000   Code   RO         6724    .ARM.Collect$$libinit$$0000001F  c_w.l(libinit2.o)
    0x00000326   0x00000326   0x00000000   Code   RO         6726    .ARM.Collect$$libinit$$00000021  c_w.l(libinit2.o)
    0x00000326   0x00000326   0x00000000   Code   RO         6728    .ARM.Collect$$libinit$$00000023  c_w.l(libinit2.o)
    0x00000326   0x00000326   0x00000000   Code   RO         6730    .ARM.Collect$$libinit$$00000025  c_w.l(libinit2.o)
    0x00000326   0x00000326   0x00000000   Code   RO         6734    .ARM.Collect$$libinit$$0000002C  c_w.l(libinit2.o)
    0x00000326   0x00000326   0x00000000   Code   RO         6736    .ARM.Collect$$libinit$$0000002E  c_w.l(libinit2.o)
    0x00000326   0x00000326   0x00000000   Code   RO         6738    .ARM.Collect$$libinit$$00000030  c_w.l(libinit2.o)
    0x00000326   0x00000326   0x00000000   Code   RO         6740    .ARM.Collect$$libinit$$00000032  c_w.l(libinit2.o)
    0x00000326   0x00000326   0x00000002   Code   RO         6741    .ARM.Collect$$libinit$$00000033  c_w.l(libinit2.o)
    0x00000328   0x00000328   0x00000002   Code   RO         6761    .ARM.Collect$$libshutdown$$00000000  c_w.l(libshutdown.o)
    0x0000032a   0x0000032a   0x00000000   Code   RO         6774    .ARM.Collect$$libshutdown$$00000002  c_w.l(libshutdown2.o)
    0x0000032a   0x0000032a   0x00000000   Code   RO         6776    .ARM.Collect$$libshutdown$$00000004  c_w.l(libshutdown2.o)
    0x0000032a   0x0000032a   0x00000000   Code   RO         6779    .ARM.Collect$$libshutdown$$00000007  c_w.l(libshutdown2.o)
    0x0000032a   0x0000032a   0x00000000   Code   RO         6782    .ARM.Collect$$libshutdown$$0000000A  c_w.l(libshutdown2.o)
    0x0000032a   0x0000032a   0x00000000   Code   RO         6784    .ARM.Collect$$libshutdown$$0000000C  c_w.l(libshutdown2.o)
    0x0000032a   0x0000032a   0x00000000   Code   RO         6787    .ARM.Collect$$libshutdown$$0000000F  c_w.l(libshutdown2.o)
    0x0000032a   0x0000032a   0x00000002   Code   RO         6788    .ARM.Collect$$libshutdown$$00000010  c_w.l(libshutdown2.o)
    0x0000032c   0x0000032c   0x00000000   Code   RO         6621    .ARM.Collect$$rtentry$$00000000  c_w.l(__rtentry.o)
    0x0000032c   0x0000032c   0x00000000   Code   RO         6663    .ARM.Collect$$rtentry$$00000002  c_w.l(__rtentry2.o)
    0x0000032c   0x0000032c   0x00000006   Code   RO         6675    .ARM.Collect$$rtentry$$00000004  c_w.l(__rtentry4.o)
    0x00000332   0x00000332   0x00000000   Code   RO         6665    .ARM.Collect$$rtentry$$00000009  c_w.l(__rtentry2.o)
    0x00000332   0x00000332   0x00000004   Code   RO         6666    .ARM.Collect$$rtentry$$0000000A  c_w.l(__rtentry2.o)
    0x00000336   0x00000336   0x00000000   Code   RO         6668    .ARM.Collect$$rtentry$$0000000C  c_w.l(__rtentry2.o)
    0x00000336   0x00000336   0x00000008   Code   RO         6669    .ARM.Collect$$rtentry$$0000000D  c_w.l(__rtentry2.o)
    0x0000033e   0x0000033e   0x00000002   Code   RO         6695    .ARM.Collect$$rtexit$$00000000  c_w.l(rtexit.o)
    0x00000340   0x00000340   0x00000000   Code   RO         6743    .ARM.Collect$$rtexit$$00000002  c_w.l(rtexit2.o)
    0x00000340   0x00000340   0x00000004   Code   RO         6744    .ARM.Collect$$rtexit$$00000003  c_w.l(rtexit2.o)
    0x00000344   0x00000344   0x00000006   Code   RO         6745    .ARM.Collect$$rtexit$$00000004  c_w.l(rtexit2.o)
    0x0000034a   0x0000034a   0x00000002   PAD
    0x0000034c   0x0000034c   0x00000026   Code   RO          853    .emb_text           cpu.o
    0x00000372   0x00000372   0x00000002   PAD
    0x00000374   0x00000374   0x00000006   Code   RO         4051    .emb_text           sysctl.o
    0x0000037a   0x0000037a   0x00000002   PAD
    0x0000037c   0x0000037c   0x00000114   Code   RO         6456    .text               startup_tm4c123.o
    0x00000490   0x00000490   0x00000006   Code   RO         6525    .text               c_w.l(heapauxi.o)
    0x00000496   0x00000496   0x00000016   Code   RO         6622    .text               c_w.l(_rserrno.o)
    0x000004ac   0x000004ac   0x00000008   Code   RO         6680    .text               c_w.l(rt_errno_addr_intlibspace.o)
    0x000004b4   0x000004b4   0x00000008   Code   RO         6682    .text               c_w.l(libspace.o)
    0x000004bc   0x000004bc   0x0000004a   Code   RO         6685    .text               c_w.l(sys_stackheap_outer.o)
    0x00000506   0x00000506   0x00000012   Code   RO         6687    .text               c_w.l(exit.o)
    0x00000518   0x00000518   0x0000000c   Code   RO         6753    .text               c_w.l(sys_exit.o)
    0x00000524   0x00000524   0x00000002   Code   RO         6764    .text               c_w.l(use_no_semi.o)
    0x00000526   0x00000526   0x00000000   Code   RO         6766    .text               c_w.l(indicate_semi.o)
    0x00000526   0x00000526   0x00000032   Code   RO         2031    i.GPIODirModeSet    gpio.o
    0x00000558   0x00000558   0x00000006   Code   RO         2032    i.GPIOIntClear      gpio.o
    0x0000055e   0x0000055e   0x0000000c   Code   RO         2034    i.GPIOIntEnable     gpio.o
    0x0000056a   0x0000056a   0x0000001e   Code   RO         2035    i.GPIOIntRegister   gpio.o
    0x00000588   0x00000588   0x00000010   Code   RO         2036    i.GPIOIntStatus     gpio.o
    0x00000598   0x00000598   0x00000066   Code   RO         2038    i.GPIOIntTypeSet    gpio.o
    0x000005fe   0x000005fe   0x00000156   Code   RO         2041    i.GPIOPadConfigSet  gpio.o
    0x00000754   0x00000754   0x00000050   Code   RO         2042    i.GPIOPinConfigure  gpio.o
    0x000007a4   0x000007a4   0x0000000c   Code   RO         2043    i.GPIOPinRead       gpio.o
    0x000007b0   0x000007b0   0x0000001e   Code   RO         2053    i.GPIOPinTypeGPIOOutput  gpio.o
    0x000007ce   0x000007ce   0x0000001e   Code   RO         2068    i.GPIOPinTypeUART   gpio.o
    0x000007ec   0x000007ec   0x0000000a   Code   RO         2074    i.GPIOPinWrite      gpio.o
    0x000007f6   0x000007f6   0x00000002   PAD
    0x000007f8   0x000007f8   0x00000074   Code   RO         3010    i.IntEnable         interrupt.o
    0x0000086c   0x0000086c   0x00000058   Code   RO         6075    i.IntHandler_UART1_  my_stepper.o
    0x000008c4   0x000008c4   0x00000058   Code   RO         6076    i.IntHandler_UART5_  my_stepper.o
    0x0000091c   0x0000091c   0x00000064   Code   RO         6243    i.IntHandler_UART7_  connect.o
    0x00000980   0x00000980   0x00000010   Code   RO         3013    i.IntMasterEnable   interrupt.o
    0x00000990   0x00000990   0x00000034   Code   RO         3021    i.IntPrioritySet    interrupt.o
    0x000009c4   0x000009c4   0x0000003c   Code   RO         3022    i.IntRegister       interrupt.o
    0x00000a00   0x00000a00   0x00000108   Code   RO         4056    i.SysCtlClockGet    sysctl.o
    0x00000b08   0x00000b08   0x0000013c   Code   RO         4058    i.SysCtlClockSet    sysctl.o
    0x00000c44   0x00000c44   0x00000034   Code   RO         4087    i.SysCtlPeripheralEnable  sysctl.o
    0x00000c78   0x00000c78   0x00000038   Code   RO         4090    i.SysCtlPeripheralPresent  sysctl.o
    0x00000cb0   0x00000cb0   0x00000038   Code   RO         4091    i.SysCtlPeripheralReady  sysctl.o
    0x00000ce8   0x00000ce8   0x00000098   Code   RO         6464    i.SystemInit        system_tm4c123.o
    0x00000d80   0x00000d80   0x0000004c   Code   RO         6386    i.Timer0BIntHandler  zdt_x42_stepper.o
    0x00000dcc   0x00000dcc   0x00000060   Code   RO         4523    i.TimerConfigure    timer.o
    0x00000e2c   0x00000e2c   0x0000000e   Code   RO         4532    i.TimerEnable       timer.o
    0x00000e3a   0x00000e3a   0x00000004   Code   RO         4533    i.TimerIntClear     timer.o
    0x00000e3e   0x00000e3e   0x00000008   Code   RO         4535    i.TimerIntEnable    timer.o
    0x00000e46   0x00000e46   0x00000026   Code   RO         4536    i.TimerIntRegister  timer.o
    0x00000e6c   0x00000e6c   0x00000010   Code   RO         4541    i.TimerLoadSet      timer.o
    0x00000e7c   0x00000e7c   0x00000012   Code   RO         4763    i.UARTCharGet       uart.o
    0x00000e8e   0x00000e8e   0x00000014   Code   RO         4764    i.UARTCharGetNonBlocking  uart.o
    0x00000ea2   0x00000ea2   0x00000010   Code   RO         4765    i.UARTCharPut       uart.o
    0x00000eb2   0x00000eb2   0x00000014   Code   RO         4766    i.UARTCharPutNonBlocking  uart.o
    0x00000ec6   0x00000ec6   0x0000000c   Code   RO         4767    i.UARTCharsAvail    uart.o
    0x00000ed2   0x00000ed2   0x00000006   Code   RO         4769    i.UARTClockSourceSet  uart.o
    0x00000ed8   0x00000ed8   0x0000004c   Code   RO         4771    i.UARTConfigSetExpClk  uart.o
    0x00000f24   0x00000f24   0x00000020   Code   RO         4774    i.UARTDisable       uart.o
    0x00000f44   0x00000f44   0x00000014   Code   RO         4776    i.UARTEnable        uart.o
    0x00000f58   0x00000f58   0x00000004   Code   RO         4784    i.UARTIntClear      uart.o
    0x00000f5c   0x00000f5c   0x00000008   Code   RO         4786    i.UARTIntEnable     uart.o
    0x00000f64   0x00000f64   0x0000001e   Code   RO         4787    i.UARTIntRegister   uart.o
    0x00000f82   0x00000f82   0x0000000c   Code   RO         4788    i.UARTIntStatus     uart.o
    0x00000f8e   0x00000f8e   0x00000002   PAD
    0x00000f90   0x00000f90   0x00000050   Code   RO         6197    i.UARTStdioConfig   uartstdio.o
    0x00000fe0   0x00000fe0   0x00000044   Code   RO         6077    i.UART_Transmit_    my_stepper.o
    0x00001024   0x00001024   0x0000001a   Code   RO         6200    i.UARTprintf        uartstdio.o
    0x0000103e   0x0000103e   0x00000002   PAD
    0x00001040   0x00001040   0x00000250   Code   RO         6201    i.UARTvprintf       uartstdio.o
    0x00001290   0x00001290   0x00000034   Code   RO         6202    i.UARTwrite         uartstdio.o
    0x000012c4   0x000012c4   0x0000004c   Code   RO         2075    i._GPIOIntNumberGet  gpio.o
    0x00001310   0x00001310   0x00000058   Code   RO         4556    i._TimerIntNumberGet  timer.o
    0x00001368   0x00001368   0x0000004c   Code   RO         4803    i._UARTIntNumberGet  uart.o
    0x000013b4   0x000013b4   0x00000030   Code   RO         6647    i.__ARM_fpclassify  m_wm.l(fpclassify.o)
    0x000013e4   0x000013e4   0x00000004   PAD
    0x000013e8   0x000013e8   0x000002d8   Code   RO         6577    i.__hardfp_atan     m_wm.l(atan.o)
    0x000016c0   0x000016c0   0x00000014   Code   RO         6591    i.__hardfp_fabs     m_wm.l(fabs.o)
    0x000016d4   0x000016d4   0x0000007a   Code   RO         6597    i.__hardfp_sqrt     m_wm.l(sqrt.o)
    0x0000174e   0x0000174e   0x00000002   PAD
    0x00001750   0x00001750   0x00000080   Code   RO         6609    i.__hardfp_tan      m_wm.l(tan.o)
    0x000017d0   0x000017d0   0x00000438   Code   RO         6651    i.__ieee754_rem_pio2  m_wm.l(rred.o)
    0x00001c08   0x00001c08   0x000000f8   Code   RO         6649    i.__kernel_poly     m_wm.l(poly.o)
    0x00001d00   0x00001d00   0x00000350   Code   RO         6656    i.__kernel_tan      m_wm.l(tan_i.o)
    0x00002050   0x00002050   0x00000014   Code   RO         6634    i.__mathlib_dbl_infnan  m_wm.l(dunder.o)
    0x00002064   0x00002064   0x00000004   PAD
    0x00002068   0x00002068   0x00000020   Code   RO         6636    i.__mathlib_dbl_invalid  m_wm.l(dunder.o)
    0x00002088   0x00002088   0x00000020   Code   RO         6639    i.__mathlib_dbl_underflow  m_wm.l(dunder.o)
    0x000020a8   0x000020a8   0x00000098   Code   RO         6244    i.connect_uart_init_uart7_PE0_1  connect.o
    0x00002140   0x00002140   0x000001a8   Code   RO            7    i.controll_loop     main.o
    0x000022e8   0x000022e8   0x000000b4   Code   RO            8    i.corrective_shooting_elements  main.o
    0x0000239c   0x0000239c   0x0000001c   Code   RO         5971    i.delay_ms          complex_task_support.o
    0x000023b8   0x000023b8   0x00000068   Code   RO         6132    i.enable            stepper_motor_usart_controller.o
    0x00002420   0x00002420   0x00000078   Code   RO         6133    i.encoder_caculate_down  stepper_motor_usart_controller.o
    0x00002498   0x00002498   0x00000064   Code   RO         6134    i.encoder_caculate_up  stepper_motor_usart_controller.o
    0x000024fc   0x000024fc   0x00000034   Code   RO         6135    i.encoder_get       stepper_motor_usart_controller.o
    0x00002530   0x00002530   0x00000018   Code   RO         6593    i.fabs              m_wm.l(fabs.o)
    0x00002548   0x00002548   0x00000158   Code   RO         6387    i.fuction_A         zdt_x42_stepper.o
    0x000026a0   0x000026a0   0x00000224   Code   RO           10    i.green_L_caculate  main.o
    0x000028c4   0x000028c4   0x000000b4   Code   RO           11    i.green_caculate_now  main.o
    0x00002978   0x00002978   0x0000052c   Code   RO           12    i.green_caculate_target  main.o
    0x00002ea4   0x00002ea4   0x000001fe   Code   RO         6009    i.incremental_pid_controller  controller.o
    0x000030a2   0x000030a2   0x00000002   PAD
    0x000030a4   0x000030a4   0x00000104   Code   RO         6388    i.init_ZDT_X42_stepper  zdt_x42_stepper.o
    0x000031a8   0x000031a8   0x00000064   Code   RO           13    i.init_controll_loop  main.o
    0x0000320c   0x0000320c   0x00000084   Code   RO           14    i.keya_interrupt    main.o
    0x00003290   0x00003290   0x000000d8   Code   RO           15    i.keye_interrupt    main.o
    0x00003368   0x00003368   0x000003ec   Code   RO           16    i.main              main.o
    0x00003754   0x00003754   0x000002cc   Code   RO           17    i.move              main.o
    0x00003a20   0x00003a20   0x00000046   Code   RO         6010    i.pid_update        controller.o
    0x00003a66   0x00003a66   0x00000002   PAD
    0x00003a68   0x00003a68   0x000001ec   Code   RO         6011    i.positional_pid_controller  controller.o
    0x00003c54   0x00003c54   0x00000110   Code   RO         6245    i.push_buffer_queue  connect.o
    0x00003d64   0x00003d64   0x0000004c   Code   RO         6246    i.receive           connect.o
    0x00003db0   0x00003db0   0x0000017c   Code   RO         6390    i.speed_set         zdt_x42_stepper.o
    0x00003f2c   0x00003f2c   0x0000001c   Code   RO         6080    i.stepper_init      my_stepper.o
    0x00003f48   0x00003f48   0x00000094   Code   RO         6081    i.uart_init_uart1_PB0_1  my_stepper.o
    0x00003fdc   0x00003fdc   0x00000098   Code   RO         6082    i.uart_init_uart5_PE4_5  my_stepper.o
    0x00004074   0x00004074   0x00000018   Code   RO         6529    x$fpl$basic         fz_wm.l(basic.o)
    0x0000408c   0x0000408c   0x00000150   Code   RO         6531    x$fpl$dadd          fz_wm.l(daddsub_clz.o)
    0x000041dc   0x000041dc   0x00000018   Code   RO         6624    x$fpl$dcmpinf       fz_wm.l(dcmpi.o)
    0x000041f4   0x000041f4   0x000002b0   Code   RO         6538    x$fpl$ddiv          fz_wm.l(ddiv.o)
    0x000044a4   0x000044a4   0x0000005e   Code   RO         6543    x$fpl$dfix          fz_wm.l(dfix.o)
    0x00004502   0x00004502   0x00000002   PAD
    0x00004504   0x00004504   0x0000005a   Code   RO         6547    x$fpl$dfixu         fz_wm.l(dfixu.o)
    0x0000455e   0x0000455e   0x0000002e   Code   RO         6552    x$fpl$dflt          fz_wm.l(dflt_clz.o)
    0x0000458c   0x0000458c   0x00000026   Code   RO         6551    x$fpl$dfltu         fz_wm.l(dflt_clz.o)
    0x000045b2   0x000045b2   0x00000002   PAD
    0x000045b4   0x000045b4   0x00000078   Code   RO         6557    x$fpl$dleqf         fz_wm.l(dleqf.o)
    0x0000462c   0x0000462c   0x00000154   Code   RO         6559    x$fpl$dmul          fz_wm.l(dmul.o)
    0x00004780   0x00004780   0x0000009c   Code   RO         6626    x$fpl$dnaninf       fz_wm.l(dnaninf.o)
    0x0000481c   0x0000481c   0x0000000c   Code   RO         6628    x$fpl$dretinf       fz_wm.l(dretinf.o)
    0x00004828   0x00004828   0x0000006c   Code   RO         6561    x$fpl$drleqf        fz_wm.l(drleqf.o)
    0x00004894   0x00004894   0x00000016   Code   RO         6532    x$fpl$drsb          fz_wm.l(daddsub_clz.o)
    0x000048aa   0x000048aa   0x00000002   PAD
    0x000048ac   0x000048ac   0x00000198   Code   RO         6630    x$fpl$dsqrt         fz_wm.l(dsqrt_umaal.o)
    0x00004a44   0x00004a44   0x000001d4   Code   RO         6533    x$fpl$dsub          fz_wm.l(daddsub_clz.o)
    0x00004c18   0x00004c18   0x0000000a   Code   RO         6751    x$fpl$fpinit        fz_wm.l(fpinit.o)
    0x00004c22   0x00004c22   0x00000000   Code   RO         6632    x$fpl$usenofp       fz_wm.l(usenofp.o)
    0x00004c22   0x00004c22   0x00000002   PAD
    0x00004c24   0x00004c24   0x00000210   Data   RO         2076    .constdata          gpio.o
    0x00004e34   0x00004e34   0x0000010c   Data   RO         3026    .constdata          interrupt.o
    0x00004f40   0x00004f40   0x000001cc   Data   RO         4110    .constdata          sysctl.o
    0x0000510c   0x0000510c   0x000000a0   Data   RO         4557    .constdata          timer.o
    0x000051ac   0x000051ac   0x00000080   Data   RO         4804    .constdata          uart.o
    0x0000522c   0x0000522c   0x0000001c   Data   RO         6203    .constdata          uartstdio.o
    0x00005248   0x00005248   0x00000098   Data   RO         6580    .constdata          m_wm.l(atan.o)
    0x000052e0   0x000052e0   0x000000c8   Data   RO         6653    .constdata          m_wm.l(rred.o)
    0x000053a8   0x000053a8   0x00000060   Data   RO         6657    .constdata          m_wm.l(tan_i.o)
    0x00005408   0x00005408   0x00000011   Data   RO         6204    .conststring        uartstdio.o
    0x00005419   0x00005419   0x00000003   PAD
    0x0000541c   0x0000541c   0x00000020   Data   RO         6819    Region$$Table       anon$$obj.o


    Execution Region RW_IRAM1 (Exec base: 0x20000000, Load base: 0x0000543c, Size: 0x00000d10, Max: 0x00008000, ABSOLUTE, COMPRESSED[0x00000078])

    Exec Addr    Load Addr    Size         Type   Attr      Idx    E Section Name        Object

    0x20000000   COMPRESSED   0x000000f8   Data   RW           20    .data               main.o
    0x200000f8   COMPRESSED   0x00000030   Data   RW         6142    .data               stepper_motor_usart_controller.o
    0x20000128   COMPRESSED   0x00000005   Data   RW         6205    .data               uartstdio.o
    0x2000012d   COMPRESSED   0x00000003   PAD
    0x20000130   COMPRESSED   0x00000044   Data   RW         6248    .data               connect.o
    0x20000174   COMPRESSED   0x00000048   Data   RW         6392    .data               zdt_x42_stepper.o
    0x200001bc   COMPRESSED   0x00000244   PAD
    0x20000400   COMPRESSED   0x0000026c   Data   RW         3027    vtable              interrupt.o
    0x2000066c   COMPRESSED   0x00000004   PAD
    0x20000670        -       0x000003d0   Zero   RW           19    .bss                main.o
    0x20000a40        -       0x00000034   Zero   RW         6247    .bss                connect.o
    0x20000a74        -       0x0000003c   Zero   RW         6391    .bss                zdt_x42_stepper.o
    0x20000ab0        -       0x00000060   Zero   RW         6683    .bss                c_w.l(libspace.o)
    0x20000b10        -       0x00000000   Zero   RW         6454    HEAP                startup_tm4c123.o
    0x20000b10        -       0x00000200   Zero   RW         6453    STACK               startup_tm4c123.o


==============================================================================

Image component sizes


      Code (inc. data)   RO Data    RW Data    ZI Data      Debug   Object Name

        28          0          0          0          0        563   complex_task_support.o
       600         90          0         68         52       3506   connect.o
      1072         24          0          0          0       2598   controller.o
        38          0          0          0          0        636   cpu.o
       796         30        528          0          0       9376   gpio.o
       244         22        268        620          0       3505   interrupt.o
      4824        590          0        248        976      16933   main.o
       572         86          0          0          0       4130   my_stepper.o
       276         24        620          0        512       5464   startup_tm4c123.o
       376         50          0         48          0       4681   stepper_motor_usart_controller.o
       750         50        460          0          0       5465   sysctl.o
       152         40          0          0          0        613   system_tm4c123.o
       264         32        160          0          0       5398   timer.o
       350         20        128          0          0       9462   uart.o
       750         36         45          5          0       4884   uartstdio.o
      1060        166          0         72         60       3861   zdt_x42_stepper.o

    ----------------------------------------------------------------------
     12166       1260       2244       1644       1604      81075   Object Totals
         0          0         32          0          0          0   (incl. Generated)
        14          0          3        583          4          0   (incl. Padding)

    ----------------------------------------------------------------------

      Code (inc. data)   RO Data    RW Data    ZI Data      Debug   Library Member Name

        90          0          0          0          0          0   __dczerorl2.o
         8          0          0          0          0         68   __main.o
         0          0          0          0          0          0   __rtentry.o
        12          0          0          0          0          0   __rtentry2.o
         6          0          0          0          0          0   __rtentry4.o
        52          8          0          0          0          0   __scatter.o
        28          0          0          0          0          0   __scatter_zi.o
        22          0          0          0          0        100   _rserrno.o
        18          0          0          0          0         80   exit.o
         6          0          0          0          0        152   heapauxi.o
         0          0          0          0          0          0   indicate_semi.o
         2          0          0          0          0          0   libinit.o
         6          0          0          0          0          0   libinit2.o
         2          0          0          0          0          0   libshutdown.o
         2          0          0          0          0          0   libshutdown2.o
         8          4          0          0         96         68   libspace.o
         8          4          0          0          0         68   rt_errno_addr_intlibspace.o
         2          0          0          0          0          0   rtexit.o
        10          0          0          0          0          0   rtexit2.o
        12          4          0          0          0         68   sys_exit.o
        74          0          0          0          0         80   sys_stackheap_outer.o
         2          0          0          0          0         68   use_no_semi.o
        24          0          0          0          0        164   basic.o
       826         16          0          0          0        492   daddsub_clz.o
        24          0          0          0          0        116   dcmpi.o
       688        140          0          0          0        256   ddiv.o
        94          4          0          0          0        140   dfix.o
        90          4          0          0          0        140   dfixu.o
        84          0          0          0          0        232   dflt_clz.o
       120          4          0          0          0        140   dleqf.o
       340         12          0          0          0        152   dmul.o
       156          4          0          0          0        140   dnaninf.o
        12          0          0          0          0        116   dretinf.o
       108          0          0          0          0        128   drleqf.o
       408         56          0          0          0        168   dsqrt_umaal.o
        10          0          0          0          0        116   fpinit.o
         0          0          0          0          0          0   usenofp.o
       728        106        152          0          0        228   atan.o
        84         16          0          0          0        372   dunder.o
        44          0          0          0          0        248   fabs.o
        48          0          0          0          0        124   fpclassify.o
       248          0          0          0          0        152   poly.o
      1080        142        200          0          0        188   rred.o
       122          0          0          0          0        148   sqrt.o
       128         20          0          0          0        144   tan.o
       848         84         96          0          0        196   tan_i.o

    ----------------------------------------------------------------------
      6706        628        448          0         96       5052   Library Totals
        22          0          0          0          0          0   (incl. Padding)

    ----------------------------------------------------------------------

      Code (inc. data)   RO Data    RW Data    ZI Data      Debug   Library Name

       370         20          0          0         96        752   c_w.l
      2984        240          0          0          0       2500   fz_wm.l
      3330        368        448          0          0       1800   m_wm.l

    ----------------------------------------------------------------------
      6706        628        448          0         96       5052   Library Totals

    ----------------------------------------------------------------------

==============================================================================


      Code (inc. data)   RO Data    RW Data    ZI Data      Debug   

     18872       1888       2692       1644       1700      75267   Grand Totals
     18872       1888       2692        120       1700      75267   ELF Image Totals (compressed)
     18872       1888       2692        120          0          0   ROM Totals

==============================================================================

    Total RO  Size (Code + RO Data)                21564 (  21.06kB)
    Total RW  Size (RW Data + ZI Data)              3344 (   3.27kB)
    Total ROM Size (Code + RO Data + RW Data)      21684 (  21.18kB)

==============================================================================

